### Message header            : "IOBX12\040KARS\040131338\012"
### BUFR Edition              : 4
###          length           : 2105
###   Section 0
###      length               : 8
###   Section 1
###      length               : 23
###      data length          : 1
###      BUFR master table    : 0
###      originating center   : 216
###      sub center           : 0
###      update sequence number : 0
###      Data category        : 1
###      International sub category  : 0
###      Local sub category   : 25
###      master table version : 15
###      local table version  : 0
###      Year                 : 2012
###      Month                : 11
###      Day                  : 13
###      Hour                 : 13
###      Min                  : 38
###      Sec                  : 32
###      octet 8              : 0
###         optional section  : No
###   Section 2
###      length               : 0
###   Section 3
###      length               : 176
###      datasubsets          : 14
###      octet 7              : 128
###         compression       : No
###         observed data
###   Section 4
###      length               : 1894
###   Section 5
###      length               : 4
###
## Subset 1 : 122 descriptors
   001003 VALUE=4
   001020 VALUE=8
   001005 VALUE=547
   002001 VALUE=0
   002036 VALUE=0
   002149 VALUE=1
#  301011 
   004001 VALUE=2012
   004002 VALUE=11
   004003 VALUE=13
#  301012 
   004004 VALUE=13
   004005 VALUE=30
   008021 VALUE=26
#  301011 
   004001 VALUE=2012
   004002 VALUE=11
   004003 VALUE=13
#  301012 
   004004 VALUE=13
   004005 VALUE=30
   008021 MSNG
#  301021 
   005001 VALUE=70.55540
   006001 VALUE=-136.23580
   027004 VALUE=0.00000
   028004 VALUE=0.00000
   007030 VALUE=0.0
   001051 VALUE=0089193     
   002148 VALUE=2
   001012 MSNG
   001014 MSNG
   002040 MSNG
   033022 VALUE=0
   033023 VALUE=0
   033027 VALUE=3
   022063 MSNG
#  302021 
   022001 MSNG
   022011 MSNG
   022021 MSNG
#  302022 
   022002 MSNG
   022012 MSNG
   022022 MSNG
#  302023 
   022003 MSNG
   022013 MSNG
   022023 MSNG
   008081 VALUE=0
   025026 MSNG
   008081 VALUE=1
   025026 MSNG
   008081 VALUE=2
   025026 MSNG
   008081 MSNG
   002034 VALUE=1
   022060 VALUE=1
   007070 VALUE=15
   002190 MSNG
   025086 VALUE=0
   002035 VALUE=0
   002168 MSNG
   020031 MSNG
   002038 MSNG
#  306004 
   002032 MSNG
   002033 MSNG
#  103000 {R=0}
   031001 {R=0} VALUE=1
   007062 {R=1} VALUE=0.0
   022043 {R=1} VALUE=271.15
   022062 {R=1} MSNG
   002030 MSNG
#  306005 
   002031 MSNG
   103000 {R=0} 
   031001 {R=0} VALUE=0
#  007062 {R=0}
#  022004 {R=0}
#  022031 {R=0}
   007031 MSNG
   008081 VALUE=0
   012064 MSNG
#  302001 
   010004 MSNG
   010051 VALUE=101350.0
   010061 MSNG
   010063 MSNG
   008081 MSNG
   007032 MSNG
   007033 MSNG
   012101 MSNG
   012103 MSNG
   013003 MSNG
   007032 MSNG
   007033 MSNG
   008082 MSNG
   007033 MSNG
   002169 MSNG
   002002 MSNG
   008021 VALUE=2
   004025 MSNG
   011001 MSNG
   011002 MSNG
   008021 MSNG
   004025 MSNG
   011043 MSNG
   011041 MSNG
   008082 MSNG
   007033 MSNG
   007032 MSNG
   004024 MSNG
   013011 MSNG
   007032 MSNG
   008021 VALUE=3
   004024 MSNG
   014021 MSNG
   008021 MSNG
   025028 MSNG
   025028 MSNG
   025028 MSNG

## Subset 2 : 122 descriptors
   001003 VALUE=4
   001020 VALUE=8
   001005 VALUE=550
   002001 VALUE=0
   002036 VALUE=0
   002149 VALUE=1
#  301011 
   004001 VALUE=2012
   004002 VALUE=11
   004003 VALUE=13
#  301012 
   004004 VALUE=13
   004005 VALUE=30
   008021 VALUE=26
#  301011 
   004001 VALUE=2012
   004002 VALUE=11
   004003 VALUE=13
#  301012 
   004004 VALUE=13
   004005 VALUE=30
   008021 MSNG
#  301021 
   005001 VALUE=57.37540
   006001 VALUE=-167.46380
   027004 VALUE=0.00000
   028004 VALUE=0.00000
   007030 VALUE=0.0
   001051 VALUE=0089183     
   002148 VALUE=2
   001012 MSNG
   001014 MSNG
   002040 MSNG
   033022 VALUE=0
   033023 VALUE=0
   033027 VALUE=3
   022063 MSNG
#  302021 
   022001 MSNG
   022011 MSNG
   022021 MSNG
#  302022 
   022002 MSNG
   022012 MSNG
   022022 MSNG
#  302023 
   022003 MSNG
   022013 MSNG
   022023 MSNG
   008081 VALUE=0
   025026 MSNG
   008081 VALUE=1
   025026 MSNG
   008081 VALUE=2
   025026 MSNG
   008081 MSNG
   002034 VALUE=1
   022060 VALUE=1
   007070 VALUE=15
   002190 MSNG
   025086 VALUE=0
   002035 VALUE=0
   002168 MSNG
   020031 MSNG
   002038 MSNG
#  306004 
   002032 MSNG
   002033 MSNG
#  103000 {R=0}
   031001 {R=0} VALUE=1
   007062 {R=1} VALUE=0.0
   022043 {R=1} VALUE=275.35
   022062 {R=1} MSNG
   002030 MSNG
#  306005 
   002031 MSNG
   103000 {R=0} 
   031001 {R=0} VALUE=0
#  007062 {R=0}
#  022004 {R=0}
#  022031 {R=0}
   007031 MSNG
   008081 VALUE=0
   012064 MSNG
#  302001 
   010004 MSNG
   010051 VALUE=98850.0
   010061 MSNG
   010063 MSNG
   008081 MSNG
   007032 MSNG
   007033 MSNG
   012101 MSNG
   012103 MSNG
   013003 MSNG
   007032 MSNG
   007033 MSNG
   008082 MSNG
   007033 MSNG
   002169 MSNG
   002002 MSNG
   008021 VALUE=2
   004025 MSNG
   011001 MSNG
   011002 MSNG
   008021 MSNG
   004025 MSNG
   011043 MSNG
   011041 MSNG
   008082 MSNG
   007033 MSNG
   007032 MSNG
   004024 MSNG
   013011 MSNG
   007032 MSNG
   008021 VALUE=3
   004024 MSNG
   014021 MSNG
   008021 MSNG
   025028 MSNG
   025028 MSNG
   025028 MSNG

## Subset 3 : 122 descriptors
   001003 VALUE=4
   001020 VALUE=8
   001005 VALUE=550
   002001 VALUE=0
   002036 VALUE=0
   002149 VALUE=1
#  301011 
   004001 VALUE=2012
   004002 VALUE=11
   004003 VALUE=13
#  301012 
   004004 VALUE=13
   004005 VALUE=0
   008021 VALUE=26
#  301011 
   004001 VALUE=2012
   004002 VALUE=11
   004003 VALUE=13
#  301012 
   004004 VALUE=13
   004005 VALUE=0
   008021 MSNG
#  301021 
   005001 VALUE=57.38110
   006001 VALUE=-167.46230
   027004 VALUE=0.00000
   028004 VALUE=0.00000
   007030 VALUE=0.0
   001051 VALUE=0089183     
   002148 VALUE=2
   001012 MSNG
   001014 MSNG
   002040 MSNG
   033022 VALUE=0
   033023 VALUE=0
   033027 VALUE=3
   022063 MSNG
#  302021 
   022001 MSNG
   022011 MSNG
   022021 MSNG
#  302022 
   022002 MSNG
   022012 MSNG
   022022 MSNG
#  302023 
   022003 MSNG
   022013 MSNG
   022023 MSNG
   008081 VALUE=0
   025026 MSNG
   008081 VALUE=1
   025026 MSNG
   008081 VALUE=2
   025026 MSNG
   008081 MSNG
   002034 VALUE=1
   022060 VALUE=1
   007070 VALUE=15
   002190 MSNG
   025086 VALUE=0
   002035 VALUE=0
   002168 MSNG
   020031 MSNG
   002038 MSNG
#  306004 
   002032 MSNG
   002033 MSNG
#  103000 {R=0}
   031001 {R=0} VALUE=1
   007062 {R=1} VALUE=0.0
   022043 {R=1} VALUE=275.35
   022062 {R=1} MSNG
   002030 MSNG
#  306005 
   002031 MSNG
   103000 {R=0} 
   031001 {R=0} VALUE=0
#  007062 {R=0}
#  022004 {R=0}
#  022031 {R=0}
   007031 MSNG
   008081 VALUE=0
   012064 MSNG
#  302001 
   010004 MSNG
   010051 VALUE=98930.0
   010061 MSNG
   010063 MSNG
   008081 MSNG
   007032 MSNG
   007033 MSNG
   012101 MSNG
   012103 MSNG
   013003 MSNG
   007032 MSNG
   007033 MSNG
   008082 MSNG
   007033 MSNG
   002169 MSNG
   002002 MSNG
   008021 VALUE=2
   004025 MSNG
   011001 MSNG
   011002 MSNG
   008021 MSNG
   004025 MSNG
   011043 MSNG
   011041 MSNG
   008082 MSNG
   007033 MSNG
   007032 MSNG
   004024 MSNG
   013011 MSNG
   007032 MSNG
   008021 VALUE=3
   004024 MSNG
   014021 MSNG
   008021 MSNG
   025028 MSNG
   025028 MSNG
   025028 MSNG

## Subset 4 : 122 descriptors
   001003 VALUE=4
   001020 VALUE=8
   001005 VALUE=549
   002001 VALUE=0
   002036 VALUE=0
   002149 VALUE=1
#  301011 
   004001 VALUE=2012
   004002 VALUE=11
   004003 VALUE=13
#  301012 
   004004 VALUE=9
   004005 VALUE=30
   008021 VALUE=26
#  301011 
   004001 VALUE=2012
   004002 VALUE=11
   004003 VALUE=13
#  301012 
   004004 VALUE=9
   004005 VALUE=30
   008021 MSNG
#  301021 
   005001 VALUE=60.79620
   006001 VALUE=-170.79160
   027004 VALUE=0.00000
   028004 VALUE=0.00000
   007030 VALUE=0.0
   001051 VALUE=0089182     
   002148 VALUE=2
   001012 MSNG
   001014 MSNG
   002040 MSNG
   033022 VALUE=0
   033023 VALUE=0
   033027 VALUE=3
   022063 MSNG
#  302021 
   022001 MSNG
   022011 MSNG
   022021 MSNG
#  302022 
   022002 MSNG
   022012 MSNG
   022022 MSNG
#  302023 
   022003 MSNG
   022013 MSNG
   022023 MSNG
   008081 VALUE=0
   025026 MSNG
   008081 VALUE=1
   025026 MSNG
   008081 VALUE=2
   025026 MSNG
   008081 MSNG
   002034 VALUE=1
   022060 VALUE=1
   007070 VALUE=15
   002190 MSNG
   025086 VALUE=0
   002035 VALUE=0
   002168 MSNG
   020031 MSNG
   002038 MSNG
#  306004 
   002032 MSNG
   002033 MSNG
#  103000 {R=0}
   031001 {R=0} VALUE=1
   007062 {R=1} VALUE=0.0
   022043 {R=1} VALUE=274.75
   022062 {R=1} MSNG
   002030 MSNG
#  306005 
   002031 MSNG
   103000 {R=0} 
   031001 {R=0} VALUE=0
#  007062 {R=0}
#  022004 {R=0}
#  022031 {R=0}
   007031 MSNG
   008081 VALUE=0
   012064 MSNG
#  302001 
   010004 MSNG
   010051 VALUE=100200.0
   010061 MSNG
   010063 MSNG
   008081 MSNG
   007032 MSNG
   007033 MSNG
   012101 MSNG
   012103 MSNG
   013003 MSNG
   007032 MSNG
   007033 MSNG
   008082 MSNG
   007033 MSNG
   002169 MSNG
   002002 MSNG
   008021 VALUE=2
   004025 MSNG
   011001 MSNG
   011002 MSNG
   008021 MSNG
   004025 MSNG
   011043 MSNG
   011041 MSNG
   008082 MSNG
   007033 MSNG
   007032 MSNG
   004024 MSNG
   013011 MSNG
   007032 MSNG
   008021 VALUE=3
   004024 MSNG
   014021 MSNG
   008021 MSNG
   025028 MSNG
   025028 MSNG
   025028 MSNG

## Subset 5 : 122 descriptors
   001003 VALUE=4
   001020 VALUE=8
   001005 VALUE=533
   002001 VALUE=0
   002036 VALUE=0
   002149 VALUE=1
#  301011 
   004001 VALUE=2012
   004002 VALUE=11
   004003 VALUE=13
#  301012 
   004004 VALUE=13
   004005 VALUE=0
   008021 VALUE=26
#  301011 
   004001 VALUE=2012
   004002 VALUE=11
   004003 VALUE=13
#  301012 
   004004 VALUE=12
   004005 VALUE=50
   008021 MSNG
#  301021 
   005001 VALUE=75.86202
   006001 VALUE=-144.97409
   027004 VALUE=72.21109
   028004 VALUE=-126.10005
   007030 VALUE=0.0
   001051 VALUE=0114527     
   002148 VALUE=1
   001012 MSNG
   001014 MSNG
   002040 MSNG
   033022 VALUE=0
   033023 VALUE=0
   033027 VALUE=3
   022063 MSNG
#  302021 
   022001 MSNG
   022011 MSNG
   022021 MSNG
#  302022 
   022002 MSNG
   022012 MSNG
   022022 MSNG
#  302023 
   022003 MSNG
   022013 MSNG
   022023 MSNG
   008081 VALUE=0
   025026 VALUE=14.0
   008081 VALUE=1
   025026 MSNG
   008081 VALUE=2
   025026 MSNG
   008081 MSNG
   002034 MSNG
   022060 MSNG
   007070 MSNG
   002190 VALUE=0
   025086 VALUE=0
   002035 VALUE=0
   002168 MSNG
   020031 MSNG
   002038 MSNG
#  306004 
   002032 MSNG
   002033 MSNG
#  103000 {R=0}
   031001 {R=0} VALUE=1
   007062 {R=1} VALUE=0.0
   022043 {R=1} VALUE=268.60
   022062 {R=1} MSNG
   002030 MSNG
#  306005 
   002031 MSNG
   103000 {R=0} 
   031001 {R=0} VALUE=0
#  007062 {R=0}
#  022004 {R=0}
#  022031 {R=0}
   007031 MSNG
   008081 VALUE=0
   012064 MSNG
#  302001 
   010004 MSNG
   010051 VALUE=101850.0
   010061 VALUE=-70.0
   010063 MSNG
   008081 MSNG
   007032 VALUE=0.00
   007033 VALUE=0.0
   012101 VALUE=254.65
   012103 MSNG
   013003 MSNG
   007032 MSNG
   007033 MSNG
   008082 MSNG
   007033 MSNG
   002169 MSNG
   002002 MSNG
   008021 VALUE=2
   004025 MSNG
   011001 MSNG
   011002 MSNG
   008021 MSNG
   004025 MSNG
   011043 MSNG
   011041 MSNG
   008082 MSNG
   007033 MSNG
   007032 MSNG
   004024 MSNG
   013011 MSNG
   007032 MSNG
   008021 VALUE=3
   004024 MSNG
   014021 MSNG
   008021 MSNG
   025028 VALUE=140.0
   025028 VALUE=0.0
   025028 MSNG

## Subset 6 : 122 descriptors
   001003 VALUE=4
   001020 VALUE=8
   001005 VALUE=549
   002001 VALUE=0
   002036 VALUE=0
   002149 VALUE=1
#  301011 
   004001 VALUE=2012
   004002 VALUE=11
   004003 VALUE=13
#  301012 
   004004 VALUE=10
   004005 VALUE=0
   008021 VALUE=26
#  301011 
   004001 VALUE=2012
   004002 VALUE=11
   004003 VALUE=13
#  301012 
   004004 VALUE=10
   004005 VALUE=0
   008021 MSNG
#  301021 
   005001 VALUE=60.83110
   006001 VALUE=-170.90510
   027004 VALUE=0.00000
   028004 VALUE=0.00000
   007030 VALUE=0.0
   001051 VALUE=0089182     
   002148 VALUE=2
   001012 MSNG
   001014 MSNG
   002040 MSNG
   033022 VALUE=0
   033023 VALUE=0
   033027 VALUE=3
   022063 MSNG
#  302021 
   022001 MSNG
   022011 MSNG
   022021 MSNG
#  302022 
   022002 MSNG
   022012 MSNG
   022022 MSNG
#  302023 
   022003 MSNG
   022013 MSNG
   022023 MSNG
   008081 VALUE=0
   025026 MSNG
   008081 VALUE=1
   025026 MSNG
   008081 VALUE=2
   025026 MSNG
   008081 MSNG
   002034 VALUE=1
   022060 VALUE=1
   007070 VALUE=15
   002190 MSNG
   025086 VALUE=0
   002035 VALUE=0
   002168 MSNG
   020031 MSNG
   002038 MSNG
#  306004 
   002032 MSNG
   002033 MSNG
#  103000 {R=0}
   031001 {R=0} VALUE=1
   007062 {R=1} VALUE=0.0
   022043 {R=1} VALUE=274.75
   022062 {R=1} MSNG
   002030 MSNG
#  306005 
   002031 MSNG
   103000 {R=0} 
   031001 {R=0} VALUE=0
#  007062 {R=0}
#  022004 {R=0}
#  022031 {R=0}
   007031 MSNG
   008081 VALUE=0
   012064 MSNG
#  302001 
   010004 MSNG
   010051 VALUE=100110.0
   010061 MSNG
   010063 MSNG
   008081 MSNG
   007032 MSNG
   007033 MSNG
   012101 MSNG
   012103 MSNG
   013003 MSNG
   007032 MSNG
   007033 MSNG
   008082 MSNG
   007033 MSNG
   002169 MSNG
   002002 MSNG
   008021 VALUE=2
   004025 MSNG
   011001 MSNG
   011002 MSNG
   008021 MSNG
   004025 MSNG
   011043 MSNG
   011041 MSNG
   008082 MSNG
   007033 MSNG
   007032 MSNG
   004024 MSNG
   013011 MSNG
   007032 MSNG
   008021 VALUE=3
   004024 MSNG
   014021 MSNG
   008021 MSNG
   025028 MSNG
   025028 MSNG
   025028 MSNG

## Subset 7 : 122 descriptors
   001003 VALUE=4
   001020 VALUE=8
   001005 VALUE=549
   002001 VALUE=0
   002036 VALUE=0
   002149 VALUE=1
#  301011 
   004001 VALUE=2012
   004002 VALUE=11
   004003 VALUE=13
#  301012 
   004004 VALUE=10
   004005 VALUE=30
   008021 VALUE=26
#  301011 
   004001 VALUE=2012
   004002 VALUE=11
   004003 VALUE=13
#  301012 
   004004 VALUE=10
   004005 VALUE=30
   008021 MSNG
#  301021 
   005001 VALUE=60.82670
   006001 VALUE=-170.88810
   027004 VALUE=0.00000
   028004 VALUE=0.00000
   007030 VALUE=0.0
   001051 VALUE=0089182     
   002148 VALUE=2
   001012 MSNG
   001014 MSNG
   002040 MSNG
   033022 VALUE=0
   033023 VALUE=0
   033027 VALUE=3
   022063 MSNG
#  302021 
   022001 MSNG
   022011 MSNG
   022021 MSNG
#  302022 
   022002 MSNG
   022012 MSNG
   022022 MSNG
#  302023 
   022003 MSNG
   022013 MSNG
   022023 MSNG
   008081 VALUE=0
   025026 MSNG
   008081 VALUE=1
   025026 MSNG
   008081 VALUE=2
   025026 MSNG
   008081 MSNG
   002034 VALUE=1
   022060 VALUE=1
   007070 VALUE=15
   002190 MSNG
   025086 VALUE=0
   002035 VALUE=0
   002168 MSNG
   020031 MSNG
   002038 MSNG
#  306004 
   002032 MSNG
   002033 MSNG
#  103000 {R=0}
   031001 {R=0} VALUE=1
   007062 {R=1} VALUE=0.0
   022043 {R=1} VALUE=274.75
   022062 {R=1} MSNG
   002030 MSNG
#  306005 
   002031 MSNG
   103000 {R=0} 
   031001 {R=0} VALUE=0
#  007062 {R=0}
#  022004 {R=0}
#  022031 {R=0}
   007031 MSNG
   008081 VALUE=0
   012064 MSNG
#  302001 
   010004 MSNG
   010051 VALUE=100070.0
   010061 MSNG
   010063 MSNG
   008081 MSNG
   007032 MSNG
   007033 MSNG
   012101 MSNG
   012103 MSNG
   013003 MSNG
   007032 MSNG
   007033 MSNG
   008082 MSNG
   007033 MSNG
   002169 MSNG
   002002 MSNG
   008021 VALUE=2
   004025 MSNG
   011001 MSNG
   011002 MSNG
   008021 MSNG
   004025 MSNG
   011043 MSNG
   011041 MSNG
   008082 MSNG
   007033 MSNG
   007032 MSNG
   004024 MSNG
   013011 MSNG
   007032 MSNG
   008021 VALUE=3
   004024 MSNG
   014021 MSNG
   008021 MSNG
   025028 MSNG
   025028 MSNG
   025028 MSNG

## Subset 8 : 122 descriptors
   001003 VALUE=4
   001020 VALUE=8
   001005 VALUE=549
   002001 VALUE=0
   002036 VALUE=0
   002149 VALUE=1
#  301011 
   004001 VALUE=2012
   004002 VALUE=11
   004003 VALUE=13
#  301012 
   004004 VALUE=13
   004005 VALUE=0
   008021 VALUE=26
#  301011 
   004001 VALUE=2012
   004002 VALUE=11
   004003 VALUE=13
#  301012 
   004004 VALUE=13
   004005 VALUE=0
   008021 MSNG
#  301021 
   005001 VALUE=60.85810
   006001 VALUE=-170.92590
   027004 VALUE=0.00000
   028004 VALUE=0.00000
   007030 VALUE=0.0
   001051 VALUE=0089182     
   002148 VALUE=2
   001012 MSNG
   001014 MSNG
   002040 MSNG
   033022 VALUE=0
   033023 VALUE=0
   033027 VALUE=3
   022063 MSNG
#  302021 
   022001 MSNG
   022011 MSNG
   022021 MSNG
#  302022 
   022002 MSNG
   022012 MSNG
   022022 MSNG
#  302023 
   022003 MSNG
   022013 MSNG
   022023 MSNG
   008081 VALUE=0
   025026 MSNG
   008081 VALUE=1
   025026 MSNG
   008081 VALUE=2
   025026 MSNG
   008081 MSNG
   002034 VALUE=1
   022060 VALUE=1
   007070 VALUE=15
   002190 MSNG
   025086 VALUE=0
   002035 VALUE=0
   002168 MSNG
   020031 MSNG
   002038 MSNG
#  306004 
   002032 MSNG
   002033 MSNG
#  103000 {R=0}
   031001 {R=0} VALUE=1
   007062 {R=1} VALUE=0.0
   022043 {R=1} VALUE=274.75
   022062 {R=1} MSNG
   002030 MSNG
#  306005 
   002031 MSNG
   103000 {R=0} 
   031001 {R=0} VALUE=0
#  007062 {R=0}
#  022004 {R=0}
#  022031 {R=0}
   007031 MSNG
   008081 VALUE=0
   012064 MSNG
#  302001 
   010004 MSNG
   010051 VALUE=99750.0
   010061 MSNG
   010063 MSNG
   008081 MSNG
   007032 MSNG
   007033 MSNG
   012101 MSNG
   012103 MSNG
   013003 MSNG
   007032 MSNG
   007033 MSNG
   008082 MSNG
   007033 MSNG
   002169 MSNG
   002002 MSNG
   008021 VALUE=2
   004025 MSNG
   011001 MSNG
   011002 MSNG
   008021 MSNG
   004025 MSNG
   011043 MSNG
   011041 MSNG
   008082 MSNG
   007033 MSNG
   007032 MSNG
   004024 MSNG
   013011 MSNG
   007032 MSNG
   008021 VALUE=3
   004024 MSNG
   014021 MSNG
   008021 MSNG
   025028 MSNG
   025028 MSNG
   025028 MSNG

## Subset 9 : 122 descriptors
   001003 VALUE=4
   001020 VALUE=8
   001005 VALUE=549
   002001 VALUE=0
   002036 VALUE=0
   002149 VALUE=1
#  301011 
   004001 VALUE=2012
   004002 VALUE=11
   004003 VALUE=13
#  301012 
   004004 VALUE=13
   004005 VALUE=30
   008021 VALUE=26
#  301011 
   004001 VALUE=2012
   004002 VALUE=11
   004003 VALUE=13
#  301012 
   004004 VALUE=13
   004005 VALUE=30
   008021 MSNG
#  301021 
   005001 VALUE=60.84880
   006001 VALUE=-170.91400
   027004 VALUE=0.00000
   028004 VALUE=0.00000
   007030 VALUE=0.0
   001051 VALUE=0089182     
   002148 VALUE=2
   001012 MSNG
   001014 MSNG
   002040 MSNG
   033022 VALUE=0
   033023 VALUE=0
   033027 VALUE=3
   022063 MSNG
#  302021 
   022001 MSNG
   022011 MSNG
   022021 MSNG
#  302022 
   022002 MSNG
   022012 MSNG
   022022 MSNG
#  302023 
   022003 MSNG
   022013 MSNG
   022023 MSNG
   008081 VALUE=0
   025026 MSNG
   008081 VALUE=1
   025026 MSNG
   008081 VALUE=2
   025026 MSNG
   008081 MSNG
   002034 VALUE=1
   022060 VALUE=1
   007070 VALUE=15
   002190 MSNG
   025086 VALUE=0
   002035 VALUE=0
   002168 MSNG
   020031 MSNG
   002038 MSNG
#  306004 
   002032 MSNG
   002033 MSNG
#  103000 {R=0}
   031001 {R=0} VALUE=1
   007062 {R=1} VALUE=0.0
   022043 {R=1} VALUE=274.75
   022062 {R=1} MSNG
   002030 MSNG
#  306005 
   002031 MSNG
   103000 {R=0} 
   031001 {R=0} VALUE=0
#  007062 {R=0}
#  022004 {R=0}
#  022031 {R=0}
   007031 MSNG
   008081 VALUE=0
   012064 MSNG
#  302001 
   010004 MSNG
   010051 VALUE=99700.0
   010061 MSNG
   010063 MSNG
   008081 MSNG
   007032 MSNG
   007033 MSNG
   012101 MSNG
   012103 MSNG
   013003 MSNG
   007032 MSNG
   007033 MSNG
   008082 MSNG
   007033 MSNG
   002169 MSNG
   002002 MSNG
   008021 VALUE=2
   004025 MSNG
   011001 MSNG
   011002 MSNG
   008021 MSNG
   004025 MSNG
   011043 MSNG
   011041 MSNG
   008082 MSNG
   007033 MSNG
   007032 MSNG
   004024 MSNG
   013011 MSNG
   007032 MSNG
   008021 VALUE=3
   004024 MSNG
   014021 MSNG
   008021 MSNG
   025028 MSNG
   025028 MSNG
   025028 MSNG

## Subset 10 : 122 descriptors
   001003 VALUE=4
   001020 VALUE=8
   001005 VALUE=549
   002001 VALUE=0
   002036 VALUE=0
   002149 VALUE=1
#  301011 
   004001 VALUE=2012
   004002 VALUE=11
   004003 VALUE=13
#  301012 
   004004 VALUE=9
   004005 VALUE=0
   008021 VALUE=26
#  301011 
   004001 VALUE=2012
   004002 VALUE=11
   004003 VALUE=13
#  301012 
   004004 VALUE=9
   004005 VALUE=0
   008021 MSNG
#  301021 
   005001 VALUE=60.79910
   006001 VALUE=-170.80470
   027004 VALUE=0.00000
   028004 VALUE=0.00000
   007030 VALUE=0.0
   001051 VALUE=0089182     
   002148 VALUE=2
   001012 MSNG
   001014 MSNG
   002040 MSNG
   033022 VALUE=0
   033023 VALUE=0
   033027 VALUE=3
   022063 MSNG
#  302021 
   022001 MSNG
   022011 MSNG
   022021 MSNG
#  302022 
   022002 MSNG
   022012 MSNG
   022022 MSNG
#  302023 
   022003 MSNG
   022013 MSNG
   022023 MSNG
   008081 VALUE=0
   025026 MSNG
   008081 VALUE=1
   025026 MSNG
   008081 VALUE=2
   025026 MSNG
   008081 MSNG
   002034 VALUE=1
   022060 VALUE=1
   007070 VALUE=15
   002190 MSNG
   025086 VALUE=0
   002035 VALUE=0
   002168 MSNG
   020031 MSNG
   002038 MSNG
#  306004 
   002032 MSNG
   002033 MSNG
#  103000 {R=0}
   031001 {R=0} VALUE=1
   007062 {R=1} VALUE=0.0
   022043 {R=1} VALUE=274.75
   022062 {R=1} MSNG
   002030 MSNG
#  306005 
   002031 MSNG
   103000 {R=0} 
   031001 {R=0} VALUE=0
#  007062 {R=0}
#  022004 {R=0}
#  022031 {R=0}
   007031 MSNG
   008081 VALUE=0
   012064 MSNG
#  302001 
   010004 MSNG
   010051 VALUE=100290.0
   010061 MSNG
   010063 MSNG
   008081 MSNG
   007032 MSNG
   007033 MSNG
   012101 MSNG
   012103 MSNG
   013003 MSNG
   007032 MSNG
   007033 MSNG
   008082 MSNG
   007033 MSNG
   002169 MSNG
   002002 MSNG
   008021 VALUE=2
   004025 MSNG
   011001 MSNG
   011002 MSNG
   008021 MSNG
   004025 MSNG
   011043 MSNG
   011041 MSNG
   008082 MSNG
   007033 MSNG
   007032 MSNG
   004024 MSNG
   013011 MSNG
   007032 MSNG
   008021 VALUE=3
   004024 MSNG
   014021 MSNG
   008021 MSNG
   025028 MSNG
   025028 MSNG
   025028 MSNG

## Subset 11 : 122 descriptors
   001003 VALUE=4
   001020 VALUE=8
   001005 VALUE=551
   002001 VALUE=0
   002036 VALUE=0
   002149 VALUE=1
#  301011 
   004001 VALUE=2012
   004002 VALUE=11
   004003 VALUE=13
#  301012 
   004004 VALUE=13
   004005 VALUE=30
   008021 VALUE=26
#  301011 
   004001 VALUE=2012
   004002 VALUE=11
   004003 VALUE=13
#  301012 
   004004 VALUE=13
   004005 VALUE=30
   008021 MSNG
#  301021 
   005001 VALUE=66.76820
   006001 VALUE=-169.46680
   027004 VALUE=0.00000
   028004 VALUE=0.00000
   007030 VALUE=0.0
   001051 VALUE=0089184     
   002148 VALUE=2
   001012 MSNG
   001014 MSNG
   002040 MSNG
   033022 VALUE=0
   033023 VALUE=0
   033027 VALUE=3
   022063 MSNG
#  302021 
   022001 MSNG
   022011 MSNG
   022021 MSNG
#  302022 
   022002 MSNG
   022012 MSNG
   022022 MSNG
#  302023 
   022003 MSNG
   022013 MSNG
   022023 MSNG
   008081 VALUE=0
   025026 MSNG
   008081 VALUE=1
   025026 MSNG
   008081 VALUE=2
   025026 MSNG
   008081 MSNG
   002034 VALUE=1
   022060 VALUE=1
   007070 VALUE=15
   002190 MSNG
   025086 VALUE=0
   002035 VALUE=0
   002168 MSNG
   020031 MSNG
   002038 MSNG
#  306004 
   002032 MSNG
   002033 MSNG
#  103000 {R=0}
   031001 {R=0} VALUE=1
   007062 {R=1} VALUE=0.0
   022043 {R=1} VALUE=272.35
   022062 {R=1} MSNG
   002030 MSNG
#  306005 
   002031 MSNG
   103000 {R=0} 
   031001 {R=0} VALUE=0
#  007062 {R=0}
#  022004 {R=0}
#  022031 {R=0}
   007031 MSNG
   008081 VALUE=0
   012064 MSNG
#  302001 
   010004 MSNG
   010051 VALUE=102420.0
   010061 MSNG
   010063 MSNG
   008081 MSNG
   007032 MSNG
   007033 MSNG
   012101 MSNG
   012103 MSNG
   013003 MSNG
   007032 MSNG
   007033 MSNG
   008082 MSNG
   007033 MSNG
   002169 MSNG
   002002 MSNG
   008021 VALUE=2
   004025 MSNG
   011001 MSNG
   011002 MSNG
   008021 MSNG
   004025 MSNG
   011043 MSNG
   011041 MSNG
   008082 MSNG
   007033 MSNG
   007032 MSNG
   004024 MSNG
   013011 MSNG
   007032 MSNG
   008021 VALUE=3
   004024 MSNG
   014021 MSNG
   008021 MSNG
   025028 MSNG
   025028 MSNG
   025028 MSNG

## Subset 12 : 122 descriptors
   001003 VALUE=4
   001020 VALUE=8
   001005 VALUE=546
   002001 VALUE=0
   002036 VALUE=0
   002149 VALUE=1
#  301011 
   004001 VALUE=2012
   004002 VALUE=11
   004003 VALUE=13
#  301012 
   004004 VALUE=13
   004005 VALUE=0
   008021 VALUE=26
#  301011 
   004001 VALUE=2012
   004002 VALUE=11
   004003 VALUE=13
#  301012 
   004004 VALUE=12
   004005 VALUE=50
   008021 MSNG
#  301021 
   005001 VALUE=73.43377
   006001 VALUE=-164.31162
   027004 VALUE=66.31554
   028004 VALUE=-125.08247
   007030 VALUE=0.0
   001051 VALUE=0089178     
   002148 VALUE=1
   001012 MSNG
   001014 MSNG
   002040 MSNG
   033022 VALUE=0
   033023 VALUE=0
   033027 VALUE=2
   022063 MSNG
#  302021 
   022001 MSNG
   022011 MSNG
   022021 MSNG
#  302022 
   022002 MSNG
   022012 MSNG
   022022 MSNG
#  302023 
   022003 MSNG
   022013 MSNG
   022023 MSNG
   008081 VALUE=0
   025026 MSNG
   008081 VALUE=1
   025026 MSNG
   008081 VALUE=2
   025026 MSNG
   008081 MSNG
   002034 VALUE=1
   022060 VALUE=1
   007070 VALUE=15
   002190 MSNG
   025086 VALUE=0
   002035 VALUE=0
   002168 MSNG
   020031 MSNG
   002038 MSNG
#  306004 
   002032 MSNG
   002033 MSNG
#  103000 {R=0}
   031001 {R=0} VALUE=1
   007062 {R=1} VALUE=0.0
   022043 {R=1} VALUE=271.75
   022062 {R=1} MSNG
   002030 MSNG
#  306005 
   002031 MSNG
   103000 {R=0} 
   031001 {R=0} VALUE=0
#  007062 {R=0}
#  022004 {R=0}
#  022031 {R=0}
   007031 MSNG
   008081 VALUE=0
   012064 MSNG
#  302001 
   010004 MSNG
   010051 VALUE=90720.0
   010061 MSNG
   010063 MSNG
   008081 MSNG
   007032 MSNG
   007033 MSNG
   012101 MSNG
   012103 MSNG
   013003 MSNG
   007032 MSNG
   007033 MSNG
   008082 MSNG
   007033 MSNG
   002169 MSNG
   002002 MSNG
   008021 VALUE=2
   004025 MSNG
   011001 MSNG
   011002 MSNG
   008021 MSNG
   004025 MSNG
   011043 MSNG
   011041 MSNG
   008082 MSNG
   007033 MSNG
   007032 MSNG
   004024 MSNG
   013011 MSNG
   007032 MSNG
   008021 VALUE=3
   004024 MSNG
   014021 MSNG
   008021 MSNG
   025028 MSNG
   025028 MSNG
   025028 MSNG

## Subset 13 : 122 descriptors
   001003 VALUE=4
   001020 VALUE=8
   001005 VALUE=544
   002001 VALUE=0
   002036 VALUE=0
   002149 VALUE=1
#  301011 
   004001 VALUE=2012
   004002 VALUE=11
   004003 VALUE=13
#  301012 
   004004 VALUE=13
   004005 VALUE=30
   008021 VALUE=26
#  301011 
   004001 VALUE=2012
   004002 VALUE=11
   004003 VALUE=13
#  301012 
   004004 VALUE=13
   004005 VALUE=30
   008021 MSNG
#  301021 
   005001 VALUE=71.37140
   006001 VALUE=-159.56820
   027004 VALUE=0.00000
   028004 VALUE=0.00000
   007030 VALUE=0.0
   001051 VALUE=0089189     
   002148 VALUE=2
   001012 MSNG
   001014 MSNG
   002040 MSNG
   033022 VALUE=0
   033023 VALUE=0
   033027 VALUE=3
   022063 MSNG
#  302021 
   022001 MSNG
   022011 MSNG
   022021 MSNG
#  302022 
   022002 MSNG
   022012 MSNG
   022022 MSNG
#  302023 
   022003 MSNG
   022013 MSNG
   022023 MSNG
   008081 VALUE=0
   025026 MSNG
   008081 VALUE=1
   025026 MSNG
   008081 VALUE=2
   025026 MSNG
   008081 MSNG
   002034 VALUE=1
   022060 VALUE=1
   007070 VALUE=15
   002190 MSNG
   025086 VALUE=0
   002035 VALUE=0
   002168 MSNG
   020031 MSNG
   002038 MSNG
#  306004 
   002032 MSNG
   002033 MSNG
#  103000 {R=0}
   031001 {R=0} VALUE=1
   007062 {R=1} VALUE=0.0
   022043 {R=1} VALUE=271.15
   022062 {R=1} MSNG
   002030 MSNG
#  306005 
   002031 MSNG
   103000 {R=0} 
   031001 {R=0} VALUE=0
#  007062 {R=0}
#  022004 {R=0}
#  022031 {R=0}
   007031 MSNG
   008081 VALUE=0
   012064 MSNG
#  302001 
   010004 MSNG
   010051 VALUE=102650.0
   010061 MSNG
   010063 MSNG
   008081 MSNG
   007032 MSNG
   007033 MSNG
   012101 MSNG
   012103 MSNG
   013003 MSNG
   007032 MSNG
   007033 MSNG
   008082 MSNG
   007033 MSNG
   002169 MSNG
   002002 MSNG
   008021 VALUE=2
   004025 MSNG
   011001 MSNG
   011002 MSNG
   008021 MSNG
   004025 MSNG
   011043 MSNG
   011041 MSNG
   008082 MSNG
   007033 MSNG
   007032 MSNG
   004024 MSNG
   013011 MSNG
   007032 MSNG
   008021 VALUE=3
   004024 MSNG
   014021 MSNG
   008021 MSNG
   025028 MSNG
   025028 MSNG
   025028 MSNG

## Subset 14 : 122 descriptors
   001003 VALUE=4
   001020 VALUE=8
   001005 VALUE=551
   002001 VALUE=0
   002036 VALUE=0
   002149 VALUE=1
#  301011 
   004001 VALUE=2012
   004002 VALUE=11
   004003 VALUE=13
#  301012 
   004004 VALUE=13
   004005 VALUE=0
   008021 VALUE=26
#  301011 
   004001 VALUE=2012
   004002 VALUE=11
   004003 VALUE=13
#  301012 
   004004 VALUE=13
   004005 VALUE=0
   008021 MSNG
#  301021 
   005001 VALUE=66.76930
   006001 VALUE=-169.47150
   027004 VALUE=0.00000
   028004 VALUE=0.00000
   007030 VALUE=0.0
   001051 VALUE=0089184     
   002148 VALUE=2
   001012 MSNG
   001014 MSNG
   002040 MSNG
   033022 VALUE=0
   033023 VALUE=0
   033027 VALUE=3
   022063 MSNG
#  302021 
   022001 MSNG
   022011 MSNG
   022021 MSNG
#  302022 
   022002 MSNG
   022012 MSNG
   022022 MSNG
#  302023 
   022003 MSNG
   022013 MSNG
   022023 MSNG
   008081 VALUE=0
   025026 MSNG
   008081 VALUE=1
   025026 MSNG
   008081 VALUE=2
   025026 MSNG
   008081 MSNG
   002034 VALUE=1
   022060 VALUE=1
   007070 VALUE=15
   002190 MSNG
   025086 VALUE=0
   002035 VALUE=0
   002168 MSNG
   020031 MSNG
   002038 MSNG
#  306004 
   002032 MSNG
   002033 MSNG
#  103000 {R=0}
   031001 {R=0} VALUE=1
   007062 {R=1} VALUE=0.0
   022043 {R=1} VALUE=272.35
   022062 {R=1} MSNG
   002030 MSNG
#  306005 
   002031 MSNG
   103000 {R=0} 
   031001 {R=0} VALUE=0
#  007062 {R=0}
#  022004 {R=0}
#  022031 {R=0}
   007031 MSNG
   008081 VALUE=0
   012064 MSNG
#  302001 
   010004 MSNG
   010051 VALUE=102450.0
   010061 MSNG
   010063 MSNG
   008081 MSNG
   007032 MSNG
   007033 MSNG
   012101 MSNG
   012103 MSNG
   013003 MSNG
   007032 MSNG
   007033 MSNG
   008082 MSNG
   007033 MSNG
   002169 MSNG
   002002 MSNG
   008021 VALUE=2
   004025 MSNG
   011001 MSNG
   011002 MSNG
   008021 MSNG
   004025 MSNG
   011043 MSNG
   011041 MSNG
   008082 MSNG
   007033 MSNG
   007032 MSNG
   004024 MSNG
   013011 MSNG
   007032 MSNG
   008021 VALUE=3
   004024 MSNG
   014021 MSNG
   008021 MSNG
   025028 MSNG
   025028 MSNG
   025028 MSNG

