### Message header            : "WinIDE\0403.3\040changed\040code\040table\040for\0400-20-197\012\005\000±\000ISAA41\040CDOW\040281800\040CCH\012"
### Message version           : 2
###          length           : 154
###   Section 0
###      length               : 8
###   Section 1
###      length               : 18
###      BUFR master table    : 0
###      originating center   : 54
###      update sequence      : 8
###      Data category        : 0
###      master table version : 11
###      local table version  : 35
###      Year                 : 5
###      Month                : 4
###      Day                  : 28
###      Hour                 : 18
###      Min                  : 0
###      octet 8              : 0
###         optional section  : No
###   Section 2
###      length               : 0
###   Section 3
###      length               : 74
###      datasubsets          : 1
###      octet 7              : 128
###         compression       : No
###         observed data
###   Section 4
###      length               : 50
###   Section 5
###      length               : 4
###
Warning: Unknown BUFR descriptor: 1204
Warning: Unknown BUFR descriptor: 2196
Warning: Unknown BUFR descriptor: 1195
Warning: Unknown BUFR descriptor: 20194
Warning: Unknown BUFR descriptor: 20215
Warning: Unknown BUFR descriptor: 20196
Warning: Unknown BUFR descriptor: 20206
Warning: Unknown BUFR descriptor: 20197
Warning: Unknown BUFR descriptor: 20193
Warning: Unknown BUFR descriptor: 12199
Error: can't decode messages
