### Message header            : "auto\040with\040broken\040temperature\040sensor\012ISAA51\040CYBN\040201900\012"
### BUFR Edition              : 2
###          length           : 332
###   Section 0
###      length               : 8
###   Section 1
###      length               : 18
###      BUFR master table    : 0
###      originating center   : 54
###      update sequence number : 0
###      Data category        : 0
###      master table version : 11
###      local table version  : 35
###      Year                 : 7
###      Month                : 11
###      Day                  : 20
###      Hour                 : 19
###      Min                  : 0
###      octet 8              : 0
###         optional section  : No
###   Section 2
###      length               : 0
###   Section 3
###      length               : 176
###      datasubsets          : 1
###      octet 7              : 128
###         compression       : No
###         observed data
###   Section 4
###      length               : 126
###   Section 5
###      length               : 4
###
## Subset 1 : 84 descriptors
   001204 VALUE=YBN 
   001019 VALUE=BORDEN                          
   006002 VALUE=-79.90
   005002 VALUE=44.27
   007001 VALUE=223
   004001 VALUE=2007 
   004002 VALUE=11 
   004003 VALUE=20 
   004004 VALUE=19 
   004005 VALUE=0 
   001001 VALUE=71 
   001002 VALUE=534 
   001195 VALUE=0 
   001196 VALUE=1 
   002196 VALUE=4 
   020206 MSNG
   020197 MSNG
   020193 MSNG
   020013 MSNG
   008002 MSNG
   020197 MSNG
   008002 MSNG
   020200 MSNG
   020233 VALUE=15930.0
   020232 VALUE=15930.0
   008197 VALUE=0 
   010004 VALUE=98970.0
   004024 VALUE=-1
   008197 VALUE=5 
   012012 VALUE=279.8
   008197 VALUE=5 
   012011 VALUE=280.7
   004024 MSNG
   008197 VALUE=0 
   012003 VALUE=273.2
   008021 VALUE=2 
   004025 VALUE=-2
   008197 VALUE=0 
   011011 VALUE=5 
   008197 VALUE=0 
   011012 VALUE=3.6
   004025 MSNG
   008021 MSNG
   008023 VALUE=2 
   004024 VALUE=-1
   008197 VALUE=0 
   011011 VALUE=0 
   008197 VALUE=0 
   011012 VALUE=0.0
   004024 MSNG
   008023 MSNG
   004025 VALUE=-10
   008197 VALUE=0 
   011011 VALUE=350 
   008197 VALUE=0 
   011012 VALUE=3.1
   004025 MSNG
   008197 VALUE=0 
   010052 VALUE=101630.0
   008197 VALUE=0 
   020210 VALUE=0 
   008197 VALUE=5 
   013019 VALUE=0.0
   008197 VALUE=0 
   010063 VALUE=3 
   008197 VALUE=0 
   010061 VALUE=100.0
   004025 VALUE=1
   002215 VALUE=3 
   002214 VALUE=1 
   002215 VALUE=4 
   002214 VALUE=3 
   002215 VALUE=5 
   002214 VALUE=4 
   002215 VALUE=6 
   002214 VALUE=7 
   002215 VALUE=9 
   002214 VALUE=5 
   002215 VALUE=10 
   002214 VALUE=10 
   002215 VALUE=17 
   002214 VALUE=15 
   002215 VALUE=18 
   002214 VALUE=12 

