### Message header            : "ISAA41\040CYWA\040071733\012"
### BUFR Edition              : 2
###          length           : 138
###   Section 0
###      length               : 8
###   Section 1
###      length               : 18
###      BUFR master table    : 0
###      originating center   : 54
###      update sequence number : 0
###      Data category        : 0
###      master table version : 6
###      local table version  : 14
###      Year                 : 5
###      Month                : 3
###      Day                  : 7
###      Hour                 : 17
###      Min                  : 33
###      octet 8              : 0
###         optional section  : No
###   Section 2
###      length               : 0
###   Section 3
###      length               : 66
###      datasubsets          : 1
###      octet 7              : 128
###         compression       : No
###         observed data
###   Section 4
###      length               : 42
###   Section 5
###      length               : 4
###
## Subset 1 : 29 descriptors
   001204 VALUE=YWA 
   006002 VALUE=-77.32
   005002 VALUE=45.95
   007001 VALUE=130
   004001 VALUE=2005 
   004002 VALUE=3 
   004003 VALUE=7 
   004004 VALUE=17 
   004005 VALUE=33 
   002196 VALUE=14 
   001195 VALUE=1 
   020194 VALUE=10 
   020215 VALUE=10 
   008002 VALUE=5 
   020196 VALUE=4 
   020013 VALUE=30.0
   020206 VALUE=7 
   020197 VALUE=24 
   020193 VALUE=10 
   008002 MSNG
   020001 VALUE=400.0
   020210 VALUE=33 
   008021 VALUE=2 
   004025 VALUE=-2
   011011 VALUE=100 
   011012 VALUE=4.1
   008021 MSNG
   004025 MSNG
   205006 VALUE=PRESFR

