### Message header            : "good\040report\040from\040WinIDE\012ISAA41\040CYVV\040201400\012"
### BUFR Edition              : 2
###          length           : 162
###   Section 0
###      length               : 8
###   Section 1
###      length               : 18
###      BUFR master table    : 0
###      originating center   : 54
###      update sequence number : 0
###      Data category        : 0
###      master table version : 6
###      local table version  : 14
###      Year                 : 5
###      Month                : 4
###      Day                  : 20
###      Hour                 : 14
###      Min                  : 0
###      octet 8              : 0
###         optional section  : No
###   Section 2
###      length               : 0
###   Section 3
###      length               : 82
###      datasubsets          : 1
###      octet 7              : 128
###         compression       : No
###         observed data
###   Section 4
###      length               : 50
###   Section 5
###      length               : 4
###
## Subset 1 : 37 descriptors
   001204 VALUE=YVV 
   006002 VALUE=-81.1
   005002 VALUE=44.75
   007001 VALUE=222
   004001 VALUE=2005
   004002 VALUE=4
   004003 VALUE=20
   004004 VALUE=14
   004005 VALUE=0
   002196 VALUE=14
   001195 VALUE=0
   020194 VALUE=10
   020215 VALUE=10
   008002 VALUE=5
   020196 VALUE=2
   020013 VALUE=180
   020206 VALUE=6
   020197 VALUE=9
   020193 VALUE=10
   008002 MSNG
   020001 VALUE=4020
   020210 VALUE=16
   020210 VALUE=80
   010197 VALUE=98200
   010004 VALUE=98200
   010051 VALUE=100850
   012001 VALUE=279.3
   012003 VALUE=278.4
   012002 VALUE=278.9
   008021 VALUE=2
   004025 VALUE=-2
   011011 VALUE=60
   011012 VALUE=5.1
   008021 MSNG
   004025 MSNG
   010052 VALUE=100810
   013003 VALUE=94

