### Message header            : "ISAA51\040CYPQ\040071717\012"
### Message version           : 2
###          length           : 382
###   Section 0
###      length               : 8
###   Section 1
###      length               : 18
###      BUFR master table    : 0
###      originating center   : 54
###      update sequence      : 0
###      Data category        : 0
###      master table version : 11
###      local table version  : 35
###      Year                 : 5
###      Month                : 3
###      Day                  : 7
###      Hour                 : 17
###      Min                  : 17
###      octet 8              : 0
###         optional section  : No
###   Section 2
###      length               : 0
###   Section 3
###      length               : 208
###      datasubsets          : 1
###      octet 7              : 128
###         compression       : No
###         observed data
###   Section 4
###      length               : 144
###   Section 5
###      length               : 4
###
## Subset 1 : 100 descriptors
   001204 VALUE=YPQ 
   001019 VALUE=PETERBOROUGH 'A'                
   006002 VALUE=-78.37
   005002 VALUE=44.23
   007001 VALUE=191
   004001 VALUE=2005 
   004002 VALUE=3 
   004003 VALUE=7 
   004004 VALUE=17 
   004005 VALUE=17 
   001001 VALUE=71 
   001002 VALUE=629 
   001195 VALUE=1 
   001196 VALUE=2 
   002196 VALUE=4 
   020194 VALUE=10 
   020215 MSNG
   020013 VALUE=30.0
   020206 VALUE=10 
   020197 MSNG
   008002 MSNG
   008002 VALUE=5 
   020196 VALUE=6 
   020013 VALUE=810.0
   020206 VALUE=6 
   020197 MSNG
   008002 MSNG
   020013 VALUE=1320.0
   020206 VALUE=6 
   020197 MSNG
   008002 MSNG
   020013 VALUE=1950.0
   020206 VALUE=6 
   020197 MSNG
   008002 MSNG
   020197 MSNG
   008002 MSNG
   020200 VALUE=30.0
   008197 VALUE=0 
   020001 VALUE=8050.0
   020233 VALUE=5630.0
   020232 VALUE=9660.0
   008197 VALUE=0 
   010004 VALUE=96620.0
   008197 VALUE=0 
   012001 VALUE=272.1
   004024 VALUE=-1
   008197 VALUE=0 
   012012 VALUE=270.8
   008197 VALUE=0 
   012011 VALUE=272.1
   004024 MSNG
   008197 VALUE=0 
   012003 VALUE=269.2
   008021 VALUE=2 
   004025 VALUE=-2
   008197 VALUE=0 
   011011 VALUE=99 
   008197 VALUE=0 
   011012 VALUE=2.6
   004025 MSNG
   008021 MSNG
   008023 VALUE=2 
   004024 VALUE=-1
   008197 VALUE=0 
   011011 VALUE=0 
   008197 VALUE=0 
   011012 VALUE=0.0
   004024 MSNG
   008023 MSNG
   004025 VALUE=-10
   008197 VALUE=0 
   011011 VALUE=90 
   008197 VALUE=0 
   011012 VALUE=3.1
   004025 MSNG
   008197 VALUE=0 
   010052 VALUE=98850.0
   008197 VALUE=0 
   020210 VALUE=11 
   008197 VALUE=0 
   013019 VALUE=0.0
   004025 VALUE=1
   002215 VALUE=3 
   002214 VALUE=0 
   002215 VALUE=4 
   002214 VALUE=3 
   002215 VALUE=5 
   002214 VALUE=4 
   002215 VALUE=7 
   002214 VALUE=5 
   002215 VALUE=8 
   002214 VALUE=7 
   002215 VALUE=9 
   002214 VALUE=10 
   002215 VALUE=17 
   002214 VALUE=15 
   002215 VALUE=18 
   002214 VALUE=12 
   205004 VALUE=ICG 

