### Message header            : "ISAA41\040CYMX\040201322\012test\040for\040a\040precip\040problem\012"
### BUFR Edition              : 2
###          length           : 190
###   Section 0
###      length               : 8
###   Section 1
###      length               : 18
###      BUFR master table    : 0
###      originating center   : 54
###      update sequence number : 0
###      Data category        : 0
###      master table version : 6
###      local table version  : 14
###      Year                 : 5
###      Month                : 4
###      Day                  : 20
###      Hour                 : 13
###      Min                  : 22
###      octet 8              : 0
###         optional section  : No
###   Section 2
###      length               : 0
###   Section 3
###      length               : 94
###      datasubsets          : 1
###      octet 7              : 128
###         compression       : No
###         observed data
###   Section 4
###      length               : 66
###   Section 5
###      length               : 4
###
## Subset 1 : 43 descriptors
   001204 VALUE=YMX 
   006002 VALUE=-74.03
   005002 VALUE=45.67
   007001 VALUE=82
   004001 VALUE=2005
   004002 VALUE=4
   004003 VALUE=20
   004004 VALUE=13
   004005 VALUE=22
   002196 VALUE=14
   001195 VALUE=1
   020194 VALUE=10
   020215 VALUE=10
   020013 VALUE=360.0
   020206 VALUE=10
   020197 VALUE=8
   020193 VALUE=1
   020013 VALUE=600.0
   020206 VALUE=2
   020197 VALUE=12
   020193 VALUE=4
   008002 VALUE=5
   020196 VALUE=3
   020013 VALUE=1200.0
   020206 VALUE=4
   020197 VALUE=12
   020193 VALUE=4
   008002 MSNG
   020013 VALUE=2400.0
   020206 VALUE=6
   020197 VALUE=0
   020193 VALUE=2
   020001 VALUE=6440.0
   020210 VALUE=4
   020210 VALUE=15
   020210 VALUE=80
   008021 VALUE=2
   004025 VALUE=-2
   011011 VALUE=20
   011012 VALUE=4.6
   008021 MSNG
   004025 MSNG
   205016 VALUE=CB EMBD VIS NE 2

