### Message header            : "ISAA41\040CYUL\040071732\012"
### Message version           : 2
###          length           : 170
###   Section 0
###      length               : 8
###   Section 1
###      length               : 18
###      BUFR master table    : 0
###      originating center   : 54
###      update sequence      : 0
###      Data category        : 0
###      master table version : 6
###      local table version  : 14
###      Year                 : 5
###      Month                : 3
###      Day                  : 7
###      Hour                 : 17
###      Min                  : 32
###      octet 8              : 0
###         optional section  : No
###   Section 2
###      length               : 0
###   Section 3
###      length               : 90
###      datasubsets          : 1
###      octet 7              : 128
###         compression       : No
###         observed data
###   Section 4
###      length               : 50
###   Section 5
###      length               : 4
###
## Subset 1 : 41 descriptors
   001204 VALUE=YUL 
   006002 VALUE=-73.75
   005002 VALUE=45.47
   007001 VALUE=36
   004001 VALUE=2005 
   004002 VALUE=3 
   004003 VALUE=7 
   004004 VALUE=17 
   004005 VALUE=32 
   002196 VALUE=14 
   001195 VALUE=1 
   020194 VALUE=10 
   020215 VALUE=10 
   008002 VALUE=5 
   020196 VALUE=4 
   020013 VALUE=240.0
   020206 VALUE=7 
   020197 VALUE=24 
   020193 VALUE=10 
   008002 MSNG
   020001 VALUE=1010.0
   020210 VALUE=31 
   020210 VALUE=93 
   008021 VALUE=2 
   004025 VALUE=-2
   011011 VALUE=50 
   011012 VALUE=8.2
   008021 MSNG
   004025 MSNG
   020216 VALUE=6 
   020217 VALUE=0 
   020061 VALUE=914 
   020061 VALUE=1676 
   020218 VALUE=1 
   020216 VALUE=6 
   020217 VALUE=1 
   020061 VALUE=1219 
   008197 VALUE=7 
   020061 VALUE=1829 
   008197 VALUE=0 
   020218 VALUE=1 

