### Message header            : "broken\040message\040from\040MetPX\012ISAA41\040CYTR\040071700\012"
### BUFR Edition              : 2
###          length           : 174
###   Section 0
###      length               : 8
###   Section 1
###      length               : 18
###      BUFR master table    : 0
###      originating center   : 54
###      update sequence number : 0
###      Data category        : 0
###      master table version : 6
###      local table version  : 14
###      Year                 : 5
###      Month                : 3
###      Day                  : 7
###      Hour                 : 17
###      Min                  : 0
###      octet 8              : 0
###         optional section  : No
###   Section 2
###      length               : 0
###   Section 3
###      length               : 88
###      datasubsets          : 1
###      octet 7              : 128
###         compression       : No
###         observed data
###   Section 4
###      length               : 56
###   Section 5
###      length               : 4
###
## Subset 1 : 40 descriptors
   001204 VALUE=YTR 
   006002 VALUE=-77.53
   005002 VALUE=44.12
   007001 VALUE=86
   004001 VALUE=2005
   004002 VALUE=3
   004003 VALUE=7
   004004 VALUE=17
   004005 VALUE=0
   002196 VALUE=14
   001195 VALUE=0
   020194 VALUE=10
   020215 VALUE=10
   008002 VALUE=5
   020196 VALUE=6
   020013 VALUE=1470
   020206 VALUE=4
   020197 VALUE=12
   020193 VALUE=8
   008002 MSNG
   020013 VALUE=3300
   020206 VALUE=6
   020197 VALUE=0
   020193 VALUE=2
   020001 VALUE=24140
   010004 VALUE=98130
   010051 VALUE=99180
   012001 VALUE=271.7
   012003 VALUE=267.9
   012002 VALUE=270.4
   012199 VALUE=275.6
   008021 VALUE=2
   004025 VALUE=-2
   011011 VALUE=70
   011012 VALUE=5.1
   008021 MSNG
   004025 MSNG
   010052 VALUE=99150
   013003 VALUE=75
   205006 VALUE=PRESFR

