### Message header            : "ISAA51\040CWPQ\040071600\012"
### Message version           : 2
###          length           : 472
###   Section 0
###      length               : 8
###   Section 1
###      length               : 18
###      BUFR master table    : 0
###      originating center   : 54
###      update sequence      : 0
###      Data category        : 0
###      master table version : 11
###      local table version  : 35
###      Year                 : 5
###      Month                : 3
###      Day                  : 7
###      Hour                 : 16
###      Min                  : 0
###      octet 8              : 0
###         optional section  : No
###   Section 2
###      length               : 0
###   Section 3
###      length               : 248
###      datasubsets          : 1
###      octet 7              : 128
###         compression       : No
###         observed data
###   Section 4
###      length               : 194
###   Section 5
###      length               : 4
###
## Subset 1 : 120 descriptors
   001204 VALUE=WPQ 
   001019 VALUE=MONTREAL-EST                    
   060001 VALUE=160 
   006002 VALUE=-73.55
   005002 VALUE=45.63
   007001 VALUE=50
   004001 VALUE=2005 
   004002 VALUE=3 
   004003 VALUE=7 
   004004 VALUE=16 
   004005 VALUE=0 
   001001 VALUE=71 
   001002 VALUE=675 
   001195 VALUE=0 
   001196 VALUE=1 
   002196 VALUE=6 
   060005 MSNG
   008197 VALUE=0 
   002207 VALUE=13.9
   008197 VALUE=5 
   010004 VALUE=80000.0
   008197 VALUE=0 
   012001 VALUE=259.0
   004024 VALUE=-1
   008197 VALUE=0 
   012012 VALUE=259.0
   008197 VALUE=0 
   012011 VALUE=259.6
   004024 MSNG
   008021 VALUE=2 
   004025 VALUE=-10
   008197 VALUE=0 
   011011 VALUE=50 
   008197 VALUE=0 
   011012 VALUE=6.0
   004025 MSNG
   008021 MSNG
   008197 VALUE=0 
   011041 VALUE=9.0
   007006 MSNG
   004025 MSNG
   004025 VALUE=-10
   007006 VALUE=10 
   008197 VALUE=0 
   011047 VALUE=9.0
   007006 MSNG
   004025 MSNG
   004025 VALUE=-2
   008197 VALUE=0 
   011011 VALUE=48 
   008197 VALUE=0 
   011012 VALUE=5.9
   004025 MSNG
   008197 VALUE=5 
   013019 VALUE=0.0
   004024 VALUE=-1
   008197 VALUE=5 
   013011 VALUE=0.0
   004024 MSNG
   008197 VALUE=5 
   013013 VALUE=0.00
   004032 VALUE=60 
   008023 VALUE=4 
   008197 VALUE=0 
   012004 VALUE=259.3
   004032 MSNG
   008023 MSNG
   008197 VALUE=6 
   013003 VALUE=0 
   008021 VALUE=2 
   004024 VALUE=-1
   008197 VALUE=0 
   011011 VALUE=52 
   008197 VALUE=0 
   011012 VALUE=5.8
   008021 MSNG
   004024 MSNG
   004024 VALUE=-1
   008197 VALUE=0 
   011049 VALUE=10 
   004024 MSNG
   004024 VALUE=-1
   007006 VALUE=10 
   008021 VALUE=2 
   008197 VALUE=0 
   011042 VALUE=6.1
   008021 MSNG
   007006 MSNG
   004024 MSNG
   004024 VALUE=-1
   007006 VALUE=10 
   008197 VALUE=0 
   011010 VALUE=38 
   008197 VALUE=0 
   011046 VALUE=9.0
   007006 MSNG
   004024 MSNG
   004032 VALUE=1 
   008023 VALUE=4 
   004025 VALUE=-45
   008197 VALUE=5 
   013218 VALUE=0.0
   004025 VALUE=-30
   008197 VALUE=5 
   013218 VALUE=0.0
   004025 VALUE=-15
   008197 VALUE=5 
   013218 VALUE=0.0
   004025 VALUE=-1
   008197 VALUE=5 
   013218 VALUE=0.0
   004032 MSNG
   008023 MSNG
   004032 VALUE=60 
   008021 VALUE=3 
   008197 VALUE=5 
   014207 VALUE=702000.0
   004032 MSNG
   008021 MSNG
   205018 VALUE=PK WND 0417 1559Z 

