### Message header            : "wind\040problem\012ISAA51\040CYER\040231200\012"
### Message version           : 2
###          length           : 346
###   Section 0
###      length               : 8
###   Section 1
###      length               : 18
###      BUFR master table    : 0
###      originating center   : 54
###      update sequence      : 0
###      Data category        : 0
###      master table version : 11
###      local table version  : 35
###      Year                 : 7
###      Month                : 5
###      Day                  : 23
###      Hour                 : 12
###      Min                  : 0
###      octet 8              : 0
###         optional section  : No
###   Section 2
###      length               : 0
###   Section 3
###      length               : 184
###      datasubsets          : 1
###      octet 7              : 128
###         compression       : No
###         observed data
###   Section 4
###      length               : 132
###   Section 5
###      length               : 4
###
## Subset 1 : 88 descriptors
   001204 VALUE=YER 
   001019 VALUE=Fort Severn A                   
   006002 VALUE=-87.68
   005002 VALUE=56.02
   007001 VALUE=16
   004001 VALUE=2007 
   004002 VALUE=5 
   004003 VALUE=23 
   004004 VALUE=12 
   004005 VALUE=0 
   001001 VALUE=71 
   001002 VALUE=99 
   001195 VALUE=0 
   001196 VALUE=5 
   002196 VALUE=10 
   020206 MSNG
   020197 MSNG
   020193 MSNG
   020013 MSNG
   008002 MSNG
   020197 MSNG
   008002 MSNG
   020200 MSNG
   008197 VALUE=0 
   010004 VALUE=100700.0
   008197 VALUE=0 
   010051 VALUE=100900.0
   008197 VALUE=0 
   012001 VALUE=274.1
   008197 VALUE=0 
   012003 VALUE=274.1
   008021 VALUE=2 
   004025 VALUE=-2
   008197 VALUE=0 
   011011 VALUE=4 
   008197 VALUE=0 
   011012 VALUE=5.1
   004025 MSNG
   008021 MSNG
   008023 VALUE=2 
   004024 VALUE=-1
   008197 VALUE=0 
   011011 VALUE=0 
   008197 VALUE=0 
   011012 VALUE=0.0
   004024 MSNG
   008023 MSNG
   004025 VALUE=-10
   008197 VALUE=0 
   011011 VALUE=360 
   008197 VALUE=0 
   011012 VALUE=4.6
   004025 MSNG
   008197 VALUE=0 
   010052 VALUE=100880.0
   008197 VALUE=0 
   010063 VALUE=3 
   008197 VALUE=0 
   010061 VALUE=20.0
   004024 VALUE=-1
   008197 VALUE=0 
   012011 VALUE=274.1
   004024 MSNG
   004024 VALUE=-6
   008197 VALUE=0 
   012011 VALUE=282.0
   004024 MSNG
   004024 VALUE=-1
   008197 VALUE=0 
   012012 VALUE=274.0
   004024 MSNG
   004024 VALUE=-6
   008197 VALUE=0 
   012012 VALUE=274.0
   004024 MSNG
   004025 VALUE=1
   002215 VALUE=7 
   002214 VALUE=5 
   002215 VALUE=8 
   002214 VALUE=7 
   002216 VALUE=69 
   002217 VALUE=23 
   002215 VALUE=9 
   002214 VALUE=10 
   002215 VALUE=13 
   002214 MSNG
   002216 VALUE=70 
   002217 VALUE=2 

