### Message header            : ""calm"\040windows,\040non-zero\040direction\012ISAA51\040CAPR\040050900\012"
### BUFR Edition              : 2
###          length           : 494
###   Section 0
###      length               : 8
###   Section 1
###      length               : 18
###      BUFR master table    : 0
###      originating center   : 54
###      update sequence number : 0
###      Data category        : 0
###      master table version : 11
###      local table version  : 35
###      Year                 : 5
###      Month                : 7
###      Day                  : 5
###      Hour                 : 9
###      Min                  : 0
###      octet 8              : 0
###         optional section  : No
###   Section 2
###      length               : 0
###   Section 3
###      length               : 276
###      datasubsets          : 1
###      octet 7              : 128
###         compression       : No
###         observed data
###   Section 4
###      length               : 188
###   Section 5
###      length               : 4
###
## Subset 1 : 134 descriptors
   001204 VALUE=APR 
   001019 VALUE=Parrsboro, N.S.                 
   060001 VALUE=160 
   006002 VALUE=-64.35
   005002 VALUE=45.42
   007001 VALUE=31
   004001 VALUE=2005 
   004002 VALUE=7 
   004003 VALUE=5 
   004004 VALUE=9 
   004005 VALUE=0 
   001001 VALUE=71 
   001002 VALUE=493 
   001195 VALUE=0 
   001196 VALUE=1 
   002196 VALUE=7 
   008197 VALUE=0 
   060004 VALUE=2.5
   008197 VALUE=0 
   002207 VALUE=12.3
   008197 VALUE=0 
   010004 VALUE=101440.0
   008197 VALUE=0 
   010051 VALUE=101820.0
   008197 VALUE=0 
   012001 VALUE=276.3
   004024 VALUE=-1
   008197 VALUE=0 
   012012 VALUE=276.0
   008197 VALUE=0 
   012011 VALUE=276.6
   004024 MSNG
   008197 VALUE=0 
   012003 VALUE=276.1
   008021 VALUE=2 
   004025 VALUE=-10
   008197 VALUE=0 
   011011 VALUE=277 
   008197 VALUE=0 
   011012 VALUE=0.0
   004025 MSNG
   008021 MSNG
   004025 VALUE=-10
   007006 VALUE=10 
   008197 VALUE=0 
   011010 VALUE=275 
   008197 VALUE=0 
   011047 VALUE=0.3
   007006 MSNG
   004025 MSNG
   004025 VALUE=-2
   008197 VALUE=0 
   011011 VALUE=287 
   008197 VALUE=0 
   011012 VALUE=0.1
   004025 MSNG
   008197 VALUE=0 
   013021 VALUE=0.0
   008197 VALUE=0 
   013019 VALUE=0.0
   004024 VALUE=-1
   008197 VALUE=0 
   013011 VALUE=0.0
   004024 MSNG
   008197 VALUE=5 
   013013 VALUE=0.00
   004032 VALUE=60 
   008023 VALUE=4 
   008197 VALUE=5 
   012004 VALUE=276.2
   004032 MSNG
   008023 MSNG
   008197 VALUE=0 
   013003 VALUE=99 
   007006 VALUE=2 
   004032 VALUE=60 
   008023 VALUE=4 
   008197 VALUE=0 
   013008 VALUE=99 
   008197 VALUE=0 
   013007 VALUE=99 
   007006 MSNG
   004032 MSNG
   008023 MSNG
   008021 VALUE=2 
   004024 VALUE=-1
   008197 VALUE=5 
   011011 VALUE=289 
   008021 MSNG
   004024 MSNG
   004024 VALUE=-1
   008197 VALUE=5 
   011049 VALUE=23 
   004024 MSNG
   004024 VALUE=-1
   007006 VALUE=10 
   008023 VALUE=32 
   008197 VALUE=5 
   011010 VALUE=281 
   008023 MSNG
   008021 VALUE=2 
   008197 VALUE=5 
   011042 VALUE=0.5
   008021 MSNG
   007006 MSNG
   004024 MSNG
   004024 VALUE=-1
   007006 VALUE=10 
   008197 VALUE=0 
   011010 VALUE=263 
   008197 VALUE=0 
   011046 VALUE=0.9
   007006 MSNG
   004024 MSNG
   004032 VALUE=1 
   008023 VALUE=4 
   004025 VALUE=-45
   008197 VALUE=0 
   013218 VALUE=224.9
   004025 VALUE=-30
   008197 VALUE=0 
   013218 VALUE=224.9
   004025 VALUE=-15
   008197 VALUE=0 
   013218 VALUE=224.9
   004025 VALUE=-1
   008197 VALUE=0 
   013218 VALUE=224.9
   004032 MSNG
   008023 MSNG
   008197 VALUE=0 
   010063 VALUE=7 
   008197 VALUE=0 
   010061 VALUE=70.0

