### Message header            : "ISAA51\040CYHU\040071734\012"
### BUFR Edition              : 2
###          length           : 356
###   Section 0
###      length               : 8
###   Section 1
###      length               : 18
###      BUFR master table    : 0
###      originating center   : 54
###      update sequence number : 0
###      Data category        : 0
###      master table version : 11
###      local table version  : 35
###      Year                 : 5
###      Month                : 3
###      Day                  : 7
###      Hour                 : 17
###      Min                  : 34
###      octet 8              : 0
###         optional section  : No
###   Section 2
###      length               : 0
###   Section 3
###      length               : 192
###      datasubsets          : 1
###      octet 7              : 128
###         compression       : No
###         observed data
###   Section 4
###      length               : 134
###   Section 5
###      length               : 4
###
## Subset 1 : 92 descriptors
   001204 VALUE=YHU 
   001019 VALUE=MONTREAL /ST-HUBERT, QUEBEC     
   006002 VALUE=-73.42
   005002 VALUE=45.52
   007001 VALUE=27
   004001 VALUE=2005
   004002 VALUE=3
   004003 VALUE=7
   004004 VALUE=17
   004005 VALUE=34
   001001 VALUE=71
   001002 VALUE=371
   001195 VALUE=1
   001196 VALUE=2
   002196 VALUE=4
   020194 VALUE=10
   020215 MSNG
   008002 VALUE=5
   020196 VALUE=4
   020013 VALUE=390.0
   020206 VALUE=7
   020197 MSNG
   008002 MSNG
   020197 MSNG
   008002 MSNG
   020200 VALUE=390.0
   008197 VALUE=0
   020001 VALUE=1130.0
   020233 VALUE=1130.0
   020232 VALUE=2090.0
   008197 VALUE=0
   010004 VALUE=99760.0
   008197 VALUE=0
   012001 VALUE=260.5
   004024 VALUE=-1
   008197 VALUE=0
   012012 VALUE=260.2
   008197 VALUE=0
   012011 VALUE=260.6
   004024 MSNG
   008197 VALUE=0
   012003 VALUE=258.9
   008021 VALUE=2
   004025 VALUE=-2
   008197 VALUE=0
   011011 VALUE=45
   008197 VALUE=0
   011012 VALUE=8.8
   004025 MSNG
   008021 MSNG
   004025 VALUE=-10
   011212 VALUE=1
   008197 VALUE=0
   011041 VALUE=11.3
   004025 MSNG
   008023 VALUE=2
   004024 VALUE=-1
   008197 VALUE=0
   011011 VALUE=50
   008197 VALUE=0
   011012 VALUE=11.3
   004024 MSNG
   008023 MSNG
   004025 VALUE=-10
   008197 VALUE=0
   011011 VALUE=50
   008197 VALUE=0
   011012 VALUE=8.8
   004025 MSNG
   008197 VALUE=0
   010052 VALUE=100070.0
   008197 VALUE=0
   020210 VALUE=31
   008197 VALUE=0
   013019 VALUE=1.0
   004025 VALUE=1
   002215 VALUE=3
   002214 VALUE=1
   002215 VALUE=4
   002214 VALUE=3
   002215 VALUE=5
   002214 VALUE=4
   002215 VALUE=7
   002214 VALUE=5
   002215 VALUE=9
   002214 VALUE=7
   002215 VALUE=10
   002214 VALUE=10
   002215 VALUE=17
   002214 VALUE=15
   002215 VALUE=18
   002214 VALUE=12

