### Message header            : "test\040generated\040from\040perl\012ISXX01\040CYTR\040010000\012"
### BUFR Edition              : 3
###          length           : 92
###   Section 0
###      length               : 8
###   Section 1
###      length               : 18
###      BUFR master table    : 0
###      originating center   : 53
###      sub center           : 0
###      update sequence number : 0
###      Data category        : 255
###      Data subcategory     : 0
###      master table version : 8
###      local table version  : 0
###      Year                 : 8
###      Month                : 1
###      Day                  : 7
###      Hour                 : 14
###      Min                  : 27
###      octet 8              : 0
###         optional section  : No
###   Section 2
###      length               : 0
###   Section 3
###      length               : 18
###      datasubsets          : 1
###      octet 7              : 128
###         compression       : No
###         observed data
###   Section 4
###      length               : 44
###   Section 5
###      length               : 4
###
## Subset 1 : 5 descriptors
   001204 VALUE=CYTR
   001204 VALUE=CYTR
   001204 VALUE=CYTR
   001204 VALUE=CYTR
   205023 VALUE=just a basic smoke test

