### Message header            : "ISZX99\040CYPW\040072047\012"
### BUFR Edition              : 3
###          length           : 144
###   Section 0
###      length               : 8
###   Section 1
###      length               : 18
###      BUFR master table    : 0
###      originating center   : 54
###      sub center           : 0
###      update sequence number : 0
###      Data category        : 0
###      Data subcategory     : 0
###      master table version : 11
###      local table version  : 35
###      Year                 : 5
###      Month                : 3
###      Day                  : 7
###      Hour                 : 20
###      Min                  : 47
###      octet 8              : 128
###         optional section  : Yes
###   Section 2
###      length               : 8
###   Section 3
###      length               : 40
###      datasubsets          : 1
###      octet 7              : 128
###         compression       : No
###         observed data
###   Section 4
###      length               : 66
###   Section 5
###      length               : 4
###
## Subset 1 : 40 descriptors
   001062 VALUE=CYPW
#  301011 
   004001 VALUE=2005
   004002 VALUE=3
   004003 VALUE=7
#  301012 
   004004 VALUE=20
   004005 VALUE=47
   204008 
   031021 VALUE=62
   002001 (0x7d:8 bits)VALUE=1
#  302003 
   011011 (0x7d:8 bits)VALUE=280
   011012 (0x7d:8 bits)VALUE=2.6
   012004 (0x7d:8 bits)MSNG
   012006 (0x7d:8 bits)MSNG
   013003 (0x7d:8 bits)MSNG
   020001 (0x7d:8 bits)VALUE=11270.0
   020003 (0x7d:8 bits)MSNG
   020004 (0x7d:8 bits)MSNG
   020005 (0x7d:8 bits)MSNG
   010052 (0x7d:8 bits)MSNG
#  105003 {R=0}
   008002 {R=1} (0x7d:8 bits)MSNG
   020206 {R=1} (0x7d:8 bits)VALUE=10
   020013 {R=1} (0x7d:8 bits)VALUE=90.0
   020197 {R=1} (0x7d:8 bits)VALUE=9
   020193 {R=1} (0x7d:8 bits)VALUE=1
   008002 {R=2} (0x7d:8 bits)VALUE=5
   020206 {R=2} (0x7d:8 bits)VALUE=4
   020013 {R=2} (0x7d:8 bits)VALUE=300.0
   020197 {R=2} (0x7d:8 bits)VALUE=9
   020193 {R=2} (0x7d:8 bits)VALUE=7
   008002 {R=3} (0x7d:8 bits)MSNG
   020206 {R=3} (0x7d:8 bits)VALUE=4
   020013 {R=3} (0x7d:8 bits)VALUE=7200.0
   020197 {R=3} (0x7d:8 bits)VALUE=5
   020193 {R=3} (0x7d:8 bits)VALUE=1
   020194 (0x7d:8 bits)VALUE=8
   020215 (0x7d:8 bits)VALUE=9

