### Message header            : "IUAA01\040CWAO\040072041\012"
### Message version           : 2
###          length           : 502
###   Section 0
###      length               : 8
###   Section 1
###      length               : 18
###      BUFR master table    : 0
###      originating center   : 53
###      update sequence      : 0
###      Data category        : 4
###      master table version : 2
###      local table version  : 1
###      Year                 : 5
###      Month                : 3
###      Day                  : 7
###      Hour                 : 20
###      Min                  : 32
###      octet 8              : 0
###         optional section  : No
###   Section 2
###      length               : 0
###   Section 3
###      length               : 24
###      datasubsets          : 10
###      octet 7              : 128
###         compression       : No
###         observed data
###   Section 4
###      length               : 448
###   Section 5
###      length               : 4
###
## Subset 1 : 30 descriptors
#  311001 
#  301051 
   001006 VALUE=        
   002061 VALUE=0 
#  301011 
   004001 VALUE=2005 
   004002 VALUE=3 
   004003 VALUE=7 
#  301012 
   004004 VALUE=20 
   004005 VALUE=32 
#  301021 
   005001 VALUE=34.04833
   006001 VALUE=-83.99333
   008004 VALUE=6 
   007002 VALUE=3650.0
   012001 VALUE=269.7
   011001 VALUE=249 
   011002 VALUE=28.3
   011031 MSNG
   011032 MSNG
   011033 MSNG
   020041 MSNG
   007007 MSNG
   011036 MSNG
   011076 MSNG
   001008 VALUE=CNJCA105
   002005 MSNG
   002062 VALUE=3 
   002064 VALUE=0 

## Subset 2 : 30 descriptors
#  311001 
#  301051 
   001006 VALUE=        
   002061 VALUE=0 
#  301011 
   004001 VALUE=2005 
   004002 VALUE=3 
   004003 VALUE=7 
#  301012 
   004004 VALUE=20 
   004005 VALUE=33 
#  301021 
   005001 VALUE=34.01000
   006001 VALUE=-84.01667
   008004 VALUE=6 
   007002 VALUE=3340.0
   012001 VALUE=271.7
   011001 VALUE=250 
   011002 VALUE=28.8
   011031 MSNG
   011032 MSNG
   011033 MSNG
   020041 MSNG
   007007 MSNG
   011036 MSNG
   011076 MSNG
   001008 VALUE=CNJCA105
   002005 MSNG
   002062 VALUE=3 
   002064 VALUE=0 

## Subset 3 : 30 descriptors
#  311001 
#  301051 
   001006 VALUE=        
   002061 VALUE=0 
#  301011 
   004001 VALUE=2005 
   004002 VALUE=3 
   004003 VALUE=7 
#  301012 
   004004 VALUE=20 
   004005 VALUE=34 
#  301021 
   005001 VALUE=33.97500
   006001 VALUE=-84.07000
   008004 VALUE=6 
   007002 VALUE=3090.0
   012001 VALUE=272.9
   011001 VALUE=247 
   011002 VALUE=27.3
   011031 MSNG
   011032 MSNG
   011033 MSNG
   020041 MSNG
   007007 MSNG
   011036 MSNG
   011076 MSNG
   001008 VALUE=CNJCA105
   002005 MSNG
   002062 VALUE=3 
   002064 VALUE=1 

## Subset 4 : 30 descriptors
#  311001 
#  301051 
   001006 VALUE=        
   002061 VALUE=0 
#  301011 
   004001 VALUE=2005 
   004002 VALUE=3 
   004003 VALUE=7 
#  301012 
   004004 VALUE=20 
   004005 VALUE=35 
#  301021 
   005001 VALUE=33.92333
   006001 VALUE=-84.06333
   008004 VALUE=6 
   007002 VALUE=3080.0
   012001 VALUE=272.7
   011001 VALUE=248 
   011002 VALUE=27.3
   011031 MSNG
   011032 MSNG
   011033 MSNG
   020041 MSNG
   007007 MSNG
   011036 MSNG
   011076 MSNG
   001008 VALUE=CNJCA105
   002005 MSNG
   002062 VALUE=3 
   002064 VALUE=1 

## Subset 5 : 30 descriptors
#  311001 
#  301051 
   001006 VALUE=        
   002061 VALUE=0 
#  301011 
   004001 VALUE=2005 
   004002 VALUE=3 
   004003 VALUE=7 
#  301012 
   004004 VALUE=20 
   004005 VALUE=36 
#  301021 
   005001 VALUE=33.89333
   006001 VALUE=-84.10333
   008004 VALUE=6 
   007002 VALUE=2650.0
   012001 VALUE=275.2
   011001 VALUE=250 
   011002 VALUE=27.3
   011031 MSNG
   011032 MSNG
   011033 MSNG
   020041 MSNG
   007007 MSNG
   011036 MSNG
   011076 MSNG
   001008 VALUE=CNJCA105
   002005 MSNG
   002062 VALUE=3 
   002064 VALUE=0 

## Subset 6 : 30 descriptors
#  311001 
#  301051 
   001006 VALUE=        
   002061 VALUE=0 
#  301011 
   004001 VALUE=2005 
   004002 VALUE=3 
   004003 VALUE=7 
#  301012 
   004004 VALUE=20 
   004005 VALUE=37 
#  301021 
   005001 VALUE=33.86666
   006001 VALUE=-84.14500
   008004 VALUE=6 
   007002 VALUE=2200.0
   012001 VALUE=276.7
   011001 VALUE=240 
   011002 VALUE=26.8
   011031 MSNG
   011032 MSNG
   011033 MSNG
   020041 MSNG
   007007 MSNG
   011036 MSNG
   011076 MSNG
   001008 VALUE=CNJCA105
   002005 MSNG
   002062 VALUE=3 
   002064 VALUE=0 

## Subset 7 : 30 descriptors
#  311001 
#  301051 
   001006 VALUE=        
   002061 VALUE=0 
#  301011 
   004001 VALUE=2005 
   004002 VALUE=3 
   004003 VALUE=7 
#  301012 
   004004 VALUE=20 
   004005 VALUE=38 
#  301021 
   005001 VALUE=33.84333
   006001 VALUE=-84.18667
   008004 VALUE=6 
   007002 VALUE=1880.0
   012001 VALUE=277.7
   011001 VALUE=229 
   011002 VALUE=17.0
   011031 MSNG
   011032 MSNG
   011033 MSNG
   020041 MSNG
   007007 MSNG
   011036 MSNG
   011076 MSNG
   001008 VALUE=CNJCA105
   002005 MSNG
   002062 VALUE=3 
   002064 VALUE=0 

## Subset 8 : 30 descriptors
#  311001 
#  301051 
   001006 VALUE=        
   002061 VALUE=0 
#  301011 
   004001 VALUE=2005 
   004002 VALUE=3 
   004003 VALUE=7 
#  301012 
   004004 VALUE=20 
   004005 VALUE=39 
#  301021 
   005001 VALUE=33.81833
   006001 VALUE=-84.23500
   008004 VALUE=6 
   007002 VALUE=1870.0
   012001 VALUE=277.5
   011001 VALUE=231 
   011002 VALUE=18.0
   011031 MSNG
   011032 MSNG
   011033 MSNG
   020041 MSNG
   007007 MSNG
   011036 MSNG
   011076 MSNG
   001008 VALUE=CNJCA105
   002005 MSNG
   002062 VALUE=3 
   002064 VALUE=0 

## Subset 9 : 30 descriptors
#  311001 
#  301051 
   001006 VALUE=        
   002061 VALUE=0 
#  301011 
   004001 VALUE=2005 
   004002 VALUE=3 
   004003 VALUE=7 
#  301012 
   004004 VALUE=20 
   004005 VALUE=40 
#  301021 
   005001 VALUE=33.79333
   006001 VALUE=-84.28000
   008004 VALUE=6 
   007002 VALUE=1870.0
   012001 VALUE=277.2
   011001 VALUE=231 
   011002 VALUE=17.5
   011031 MSNG
   011032 MSNG
   011033 MSNG
   020041 MSNG
   007007 MSNG
   011036 MSNG
   011076 MSNG
   001008 VALUE=CNJCA105
   002005 MSNG
   002062 VALUE=3 
   002064 VALUE=0 

## Subset 10 : 30 descriptors
#  311001 
#  301051 
   001006 VALUE=        
   002061 VALUE=0 
#  301011 
   004001 VALUE=2005 
   004002 VALUE=3 
   004003 VALUE=7 
#  301012 
   004004 VALUE=20 
   004005 VALUE=41 
#  301021 
   005001 VALUE=33.75333
   006001 VALUE=-84.29500
   008004 VALUE=6 
   007002 VALUE=1870.0
   012001 VALUE=277.7
   011001 VALUE=231 
   011002 VALUE=18.0
   011031 MSNG
   011032 MSNG
   011033 MSNG
   020041 MSNG
   007007 MSNG
   011036 MSNG
   011076 MSNG
   001008 VALUE=CNJCA105
   002005 MSNG
   002062 VALUE=3 
   002064 VALUE=0 

