### Message header            : "ISMD01\040HABP\040130000\015\015\012"
### BUFR Edition              : 4
###          length           : 1368
###   Section 0
###      length               : 8
###   Section 1
###      length               : 22
###      BUFR master table    : 0
###      originating center   : 218
###      sub center           : 0
###      update sequence number : 0
###      Data category        : 0
###      International sub category  : 2
###      Local sub category   : 2
###      master table version : 13
###      local table version  : 0
###      Year                 : 2010
###      Month                : 8
###      Day                  : 13
###      Hour                 : 0
###      Min                  : 0
###      Sec                  : 0
###      octet 8              : 0
###         optional section  : No
###   Section 2
###      length               : 0
###   Section 3
###      length               : 13
###      datasubsets          : 7
###      octet 7              : 128
###         compression       : No
###         observed data
###   Section 4
###      length               : 1321
###   Section 5
###      length               : 4
###
## Subset 1 : 150 descriptors
   208035 
#  307080 
#  301090 
#  301004 
   001001 VALUE=12
   001002 VALUE=772
   001015 VALUE=Miskolc Avas                       
   002001 VALUE=1
#  301011 
   004001 VALUE=2010
   004002 VALUE=8
   004003 VALUE=13
#  301012 
   004004 VALUE=0
   004005 VALUE=0
#  301021 
   005001 VALUE=48.09694
   006001 VALUE=20.77139
   007030 VALUE=231.8
   007031 VALUE=233.6
#  302031 
#  302001 
   010004 VALUE=98820.0
   010051 VALUE=101550.0
   010061 VALUE=-10.0
   010063 VALUE=3
   010062 MSNG
   007004 MSNG
   010009 MSNG
#  302035 
#  302032 
   007032 VALUE=2.00
   012101 VALUE=292.85
   012103 VALUE=289.65
   013003 VALUE=82
#  302033 
   007032 VALUE=1.75
   020001 VALUE=20000.0
#  302034 
   007032 MSNG
   013023 MSNG
   007032 MSNG
#  302004 
   020010 VALUE=0
   008002 VALUE=62
   020011 VALUE=0
   020013 MSNG
   020012 VALUE=30
   020012 VALUE=20
   020012 VALUE=10
   101000 {R=0} 
   031001 {R=0} VALUE=0
#  302005 {R=0}
#  302036 
   105000 {R=0} 
   031001 {R=0} VALUE=0
#  008002 {R=0}
#  020011 {R=0}
#  020012 {R=0}
#  020014 {R=0}
#  020017 {R=0}
#  302047 
#  102003 {R=0}
   008002 {R=0} MSNG
   020054 {R=0} MSNG
   008002 MSNG
   020054 MSNG
   008002 MSNG
   020054 MSNG
   008002 MSNG
#  302048 
   005021 MSNG
   007021 MSNG
   020012 MSNG
   005021 MSNG
   007021 MSNG
#  302037 
   020062 MSNG
   013013 MSNG
   012113 MSNG
#  302043 
#  302038 
   020003 VALUE=2
   004024 VALUE=-6
   020004 VALUE=0
   020005 VALUE=0
#  101002 {R=0}
#  302039 {R=1}
   004024 {R=0} MSNG
   014031 {R=0} MSNG
#  302039 {R=2}
   004024 {R=0} MSNG
   014031 {R=0} MSNG
#  302040 
   007032 VALUE=1.00
#  102002 {R=0}
   004024 {R=0} VALUE=-6
   013011 {R=0} VALUE=0.0
   004024 MSNG
   013011 MSNG
#  302041 
   007032 MSNG
   004024 MSNG
   004024 MSNG
   012111 MSNG
   004024 MSNG
   004024 MSNG
   012112 MSNG
#  302042 
   007032 VALUE=16.30
   002002 BITS=1000
   008021 VALUE=2
   004025 VALUE=-10
   011001 VALUE=266
   011002 VALUE=2.6
   008021 MSNG
#  103002 {R=0}
   004025 {R=0} MSNG
   011043 {R=0} MSNG
   011041 {R=0} MSNG
   004025 MSNG
   011043 MSNG
   011041 MSNG
   007032 MSNG
#  302044 
   004024 MSNG
   002004 MSNG
   013033 MSNG
#  101002 {R=0}
#  302045 {R=1}
   004024 {R=0} MSNG
   014002 {R=0} MSNG
   014004 {R=0} MSNG
   014016 {R=0} MSNG
   014028 {R=0} MSNG
   014029 {R=0} MSNG
   014030 {R=0} MSNG
#  302045 {R=2}
   004024 {R=0} MSNG
   014002 {R=0} MSNG
   014004 {R=0} MSNG
   014016 {R=0} MSNG
   014028 {R=0} MSNG
   014029 {R=0} MSNG
   014030 {R=0} MSNG
#  302046 
   004024 MSNG
   004024 MSNG
   012049 MSNG
   208000 

## Subset 2 : 150 descriptors
   208035 
#  307080 
#  301090 
#  301004 
   001001 VALUE=12
   001002 VALUE=821
   001015 VALUE=Gyor Per                           
   002001 VALUE=1
#  301011 
   004001 VALUE=2010
   004002 VALUE=8
   004003 VALUE=13
#  301012 
   004004 VALUE=0
   004005 VALUE=0
#  301021 
   005001 VALUE=47.62417
   006001 VALUE=17.80417
   007030 VALUE=128.1
   007031 VALUE=130.0
#  302031 
#  302001 
   010004 VALUE=99900.0
   010051 VALUE=101430.0
   010061 VALUE=0.0
   010063 VALUE=4
   010062 MSNG
   007004 MSNG
   010009 MSNG
#  302035 
#  302032 
   007032 VALUE=2.00
   012101 VALUE=290.85
   012103 VALUE=289.55
   013003 VALUE=92
#  302033 
   007032 VALUE=1.75
   020001 VALUE=10000.0
#  302034 
   007032 MSNG
   013023 MSNG
   007032 MSNG
#  302004 
   020010 VALUE=13
   008002 VALUE=0
   020011 VALUE=0
   020013 VALUE=9000.0
   020012 VALUE=30
   020012 VALUE=20
   020012 VALUE=11
   101000 {R=0} 
   031001 {R=0} VALUE=0
#  302005 {R=0}
#  302036 
   105000 {R=0} 
   031001 {R=0} VALUE=0
#  008002 {R=0}
#  020011 {R=0}
#  020012 {R=0}
#  020014 {R=0}
#  020017 {R=0}
#  302047 
#  102003 {R=0}
   008002 {R=0} MSNG
   020054 {R=0} MSNG
   008002 MSNG
   020054 MSNG
   008002 MSNG
   020054 MSNG
   008002 MSNG
#  302048 
   005021 MSNG
   007021 MSNG
   020012 MSNG
   005021 MSNG
   007021 MSNG
#  302037 
   020062 MSNG
   013013 MSNG
   012113 MSNG
#  302043 
#  302038 
   020003 VALUE=2
   004024 VALUE=-6
   020004 VALUE=0
   020005 VALUE=0
#  101002 {R=0}
#  302039 {R=1}
   004024 {R=0} MSNG
   014031 {R=0} MSNG
#  302039 {R=2}
   004024 {R=0} MSNG
   014031 {R=0} MSNG
#  302040 
   007032 VALUE=1.00
#  102002 {R=0}
   004024 {R=0} VALUE=-6
   013011 {R=0} VALUE=0.0
   004024 MSNG
   013011 MSNG
#  302041 
   007032 MSNG
   004024 MSNG
   004024 MSNG
   012111 MSNG
   004024 MSNG
   004024 MSNG
   012112 MSNG
#  302042 
   007032 VALUE=11.20
   002002 BITS=1000
   008021 VALUE=2
   004025 VALUE=-10
   011001 VALUE=136
   011002 VALUE=0.5
   008021 MSNG
#  103002 {R=0}
   004025 {R=0} MSNG
   011043 {R=0} MSNG
   011041 {R=0} MSNG
   004025 MSNG
   011043 MSNG
   011041 MSNG
   007032 MSNG
#  302044 
   004024 MSNG
   002004 MSNG
   013033 MSNG
#  101002 {R=0}
#  302045 {R=1}
   004024 {R=0} MSNG
   014002 {R=0} MSNG
   014004 {R=0} MSNG
   014016 {R=0} MSNG
   014028 {R=0} MSNG
   014029 {R=0} MSNG
   014030 {R=0} MSNG
#  302045 {R=2}
   004024 {R=0} MSNG
   014002 {R=0} MSNG
   014004 {R=0} MSNG
   014016 {R=0} MSNG
   014028 {R=0} MSNG
   014029 {R=0} MSNG
   014030 {R=0} MSNG
#  302046 
   004024 MSNG
   004024 MSNG
   012049 MSNG
   208000 

## Subset 3 : 159 descriptors
   208035 
#  307080 
#  301090 
#  301004 
   001001 VALUE=12
   001002 VALUE=843
   001015 VALUE=Budapest Pestszentlorinc-kulterulet
   002001 VALUE=1
#  301011 
   004001 VALUE=2010
   004002 VALUE=8
   004003 VALUE=13
#  301012 
   004004 VALUE=0
   004005 VALUE=0
#  301021 
   005001 VALUE=47.42917
   006001 VALUE=19.18222
   007030 VALUE=138.1
   007031 VALUE=139.5
#  302031 
#  302001 
   010004 VALUE=99820.0
   010051 VALUE=101440.0
   010061 VALUE=0.0
   010063 VALUE=4
   010062 MSNG
   007004 MSNG
   010009 MSNG
#  302035 
#  302032 
   007032 VALUE=2.00
   012101 VALUE=294.85
   012103 VALUE=290.45
   013003 VALUE=76
#  302033 
   007032 VALUE=1.75
   020001 VALUE=30000.0
#  302034 
   007032 MSNG
   013023 MSNG
   007032 MSNG
#  302004 
   020010 VALUE=63
   008002 VALUE=7
   020011 VALUE=3
   020013 VALUE=1100.0
   020012 VALUE=39
   020012 VALUE=24
   020012 VALUE=12
#  101000 {R=0}
   031001 {R=0} VALUE=2
#  302005 {R=1}
   008002 {R=0} VALUE=4
   020011 {R=0} VALUE=1
   020012 {R=0} VALUE=9
   020013 {R=0} VALUE=1100.0
#  302005 {R=2}
   008002 {R=0} VALUE=1
   020011 {R=0} VALUE=3
   020012 {R=0} VALUE=6
   020013 {R=0} VALUE=1400.0
#  302036 
   105000 {R=0} 
   031001 {R=0} VALUE=0
#  008002 {R=0}
#  020011 {R=0}
#  020012 {R=0}
#  020014 {R=0}
#  020017 {R=0}
#  302047 
#  102003 {R=0}
   008002 {R=0} MSNG
   020054 {R=0} MSNG
   008002 MSNG
   020054 MSNG
   008002 MSNG
   020054 MSNG
   008002 MSNG
#  302048 
   005021 MSNG
   007021 MSNG
   020012 MSNG
   005021 MSNG
   007021 MSNG
#  302037 
   020062 MSNG
   013013 MSNG
   012113 MSNG
#  302043 
#  302038 
   020003 VALUE=13
   004024 VALUE=-6
   020004 VALUE=1
   020005 VALUE=1
#  101002 {R=0}
#  302039 {R=1}
   004024 {R=0} MSNG
   014031 {R=0} MSNG
#  302039 {R=2}
   004024 {R=0} MSNG
   014031 {R=0} MSNG
#  302040 
   007032 VALUE=1.00
#  102002 {R=0}
   004024 {R=0} VALUE=-6
   013011 {R=0} VALUE=0.0
   004024 MSNG
   013011 MSNG
#  302041 
   007032 MSNG
   004024 MSNG
   004024 MSNG
   012111 MSNG
   004024 MSNG
   004024 MSNG
   012112 MSNG
#  302042 
   007032 VALUE=14.70
   002002 BITS=1000
   008021 VALUE=2
   004025 VALUE=-10
   011001 VALUE=352
   011002 VALUE=1.6
   008021 MSNG
#  103002 {R=0}
   004025 {R=0} MSNG
   011043 {R=0} MSNG
   011041 {R=0} MSNG
   004025 MSNG
   011043 MSNG
   011041 MSNG
   007032 MSNG
#  302044 
   004024 MSNG
   002004 MSNG
   013033 MSNG
#  101002 {R=0}
#  302045 {R=1}
   004024 {R=0} MSNG
   014002 {R=0} MSNG
   014004 {R=0} MSNG
   014016 {R=0} MSNG
   014028 {R=0} MSNG
   014029 {R=0} MSNG
   014030 {R=0} MSNG
#  302045 {R=2}
   004024 {R=0} MSNG
   014002 {R=0} MSNG
   014004 {R=0} MSNG
   014016 {R=0} MSNG
   014028 {R=0} MSNG
   014029 {R=0} MSNG
   014030 {R=0} MSNG
#  302046 
   004024 MSNG
   004024 MSNG
   012049 MSNG
   208000 

## Subset 4 : 150 descriptors
   208035 
#  307080 
#  301090 
#  301004 
   001001 VALUE=12
   001002 VALUE=882
   001015 VALUE=Debrecen                           
   002001 VALUE=1
#  301011 
   004001 VALUE=2010
   004002 VALUE=8
   004003 VALUE=13
#  301012 
   004004 VALUE=0
   004005 VALUE=0
#  301021 
   005001 VALUE=47.49028
   006001 VALUE=21.61083
   007030 VALUE=106.6
   007031 VALUE=108.0
#  302031 
#  302001 
   010004 VALUE=100170.0
   010051 VALUE=101430.0
   010061 VALUE=0.0
   010063 VALUE=5
   010062 MSNG
   007004 MSNG
   010009 MSNG
#  302035 
#  302032 
   007032 VALUE=2.00
   012101 VALUE=295.35
   012103 VALUE=293.85
   013003 VALUE=91
#  302033 
   007032 VALUE=1.75
   020001 VALUE=17000.0
#  302034 
   007032 MSNG
   013023 MSNG
   007032 MSNG
#  302004 
   020010 VALUE=0
   008002 VALUE=62
   020011 VALUE=0
   020013 MSNG
   020012 VALUE=30
   020012 VALUE=20
   020012 VALUE=10
   101000 {R=0} 
   031001 {R=0} VALUE=0
#  302005 {R=0}
#  302036 
   105000 {R=0} 
   031001 {R=0} VALUE=0
#  008002 {R=0}
#  020011 {R=0}
#  020012 {R=0}
#  020014 {R=0}
#  020017 {R=0}
#  302047 
#  102003 {R=0}
   008002 {R=0} MSNG
   020054 {R=0} MSNG
   008002 MSNG
   020054 MSNG
   008002 MSNG
   020054 MSNG
   008002 MSNG
#  302048 
   005021 MSNG
   007021 MSNG
   020012 MSNG
   005021 MSNG
   007021 MSNG
#  302037 
   020062 MSNG
   013013 MSNG
   012113 MSNG
#  302043 
#  302038 
   020003 VALUE=2
   004024 VALUE=-6
   020004 VALUE=0
   020005 VALUE=0
#  101002 {R=0}
#  302039 {R=1}
   004024 {R=0} MSNG
   014031 {R=0} MSNG
#  302039 {R=2}
   004024 {R=0} MSNG
   014031 {R=0} MSNG
#  302040 
   007032 VALUE=1.00
#  102002 {R=0}
   004024 {R=0} VALUE=-6
   013011 {R=0} VALUE=0.0
   004024 MSNG
   013011 MSNG
#  302041 
   007032 MSNG
   004024 MSNG
   004024 MSNG
   012111 MSNG
   004024 MSNG
   004024 MSNG
   012112 MSNG
#  302042 
   007032 VALUE=10.20
   002002 BITS=1000
   008021 VALUE=2
   004025 VALUE=-10
   011001 VALUE=71
   011002 VALUE=2.1
   008021 MSNG
#  103002 {R=0}
   004025 {R=0} MSNG
   011043 {R=0} MSNG
   011041 {R=0} MSNG
   004025 MSNG
   011043 MSNG
   011041 MSNG
   007032 MSNG
#  302044 
   004024 MSNG
   002004 MSNG
   013033 MSNG
#  101002 {R=0}
#  302045 {R=1}
   004024 {R=0} MSNG
   014002 {R=0} MSNG
   014004 {R=0} MSNG
   014016 {R=0} MSNG
   014028 {R=0} MSNG
   014029 {R=0} MSNG
   014030 {R=0} MSNG
#  302045 {R=2}
   004024 {R=0} MSNG
   014002 {R=0} MSNG
   014004 {R=0} MSNG
   014016 {R=0} MSNG
   014028 {R=0} MSNG
   014029 {R=0} MSNG
   014030 {R=0} MSNG
#  302046 
   004024 MSNG
   004024 MSNG
   012049 MSNG
   208000 

## Subset 5 : 154 descriptors
   208035 
#  307080 
#  301090 
#  301004 
   001001 VALUE=12
   001002 VALUE=922
   001015 VALUE=Sarmellek                          
   002001 VALUE=2
#  301011 
   004001 VALUE=2010
   004002 VALUE=8
   004003 VALUE=13
#  301012 
   004004 VALUE=0
   004005 VALUE=0
#  301021 
   005001 VALUE=46.68667
   006001 VALUE=17.16083
   007030 VALUE=118.9
   007031 VALUE=120.8
#  302031 
#  302001 
   010004 VALUE=99990.0
   010051 VALUE=101420.0
   010061 VALUE=10.0
   010063 VALUE=5
   010062 MSNG
   007004 MSNG
   010009 MSNG
#  302035 
#  302032 
   007032 VALUE=2.00
   012101 VALUE=290.95
   012103 VALUE=290.45
   013003 VALUE=97
#  302033 
   007032 MSNG
   020001 MSNG
#  302034 
   007032 MSNG
   013023 MSNG
   007032 MSNG
#  302004 
   020010 MSNG
   008002 MSNG
   020011 MSNG
   020013 MSNG
   020012 MSNG
   020012 MSNG
   020012 MSNG
#  101000 {R=0}
   031001 {R=0} VALUE=1
#  302005 {R=1}
   008002 {R=0} MSNG
   020011 {R=0} MSNG
   020012 {R=0} MSNG
   020013 {R=0} MSNG
#  302036 
   105000 {R=0} 
   031001 {R=0} VALUE=0
#  008002 {R=0}
#  020011 {R=0}
#  020012 {R=0}
#  020014 {R=0}
#  020017 {R=0}
#  302047 
#  102003 {R=0}
   008002 {R=0} MSNG
   020054 {R=0} MSNG
   008002 MSNG
   020054 MSNG
   008002 MSNG
   020054 MSNG
   008002 MSNG
#  302048 
   005021 MSNG
   007021 MSNG
   020012 MSNG
   005021 MSNG
   007021 MSNG
#  302037 
   020062 MSNG
   013013 MSNG
   012113 MSNG
#  302043 
#  302038 
   020003 MSNG
   004024 MSNG
   020004 MSNG
   020005 MSNG
#  101002 {R=0}
#  302039 {R=1}
   004024 {R=0} MSNG
   014031 {R=0} MSNG
#  302039 {R=2}
   004024 {R=0} MSNG
   014031 {R=0} MSNG
#  302040 
   007032 VALUE=1.00
#  102002 {R=0}
   004024 {R=0} VALUE=-6
   013011 {R=0} VALUE=0.0
   004024 MSNG
   013011 MSNG
#  302041 
   007032 MSNG
   004024 MSNG
   004024 MSNG
   012111 MSNG
   004024 MSNG
   004024 MSNG
   012112 MSNG
#  302042 
   007032 VALUE=10.60
   002002 BITS=1000
   008021 VALUE=2
   004025 VALUE=-10
   011001 VALUE=334
   011002 VALUE=0.7
   008021 MSNG
#  103002 {R=0}
   004025 {R=0} MSNG
   011043 {R=0} MSNG
   011041 {R=0} MSNG
   004025 MSNG
   011043 MSNG
   011041 MSNG
   007032 MSNG
#  302044 
   004024 MSNG
   002004 MSNG
   013033 MSNG
#  101002 {R=0}
#  302045 {R=1}
   004024 {R=0} MSNG
   014002 {R=0} MSNG
   014004 {R=0} MSNG
   014016 {R=0} MSNG
   014028 {R=0} MSNG
   014029 {R=0} MSNG
   014030 {R=0} MSNG
#  302045 {R=2}
   004024 {R=0} MSNG
   014002 {R=0} MSNG
   014004 {R=0} MSNG
   014016 {R=0} MSNG
   014028 {R=0} MSNG
   014029 {R=0} MSNG
   014030 {R=0} MSNG
#  302046 
   004024 MSNG
   004024 MSNG
   012049 MSNG
   208000 

## Subset 6 : 150 descriptors
   208035 
#  307080 
#  301090 
#  301004 
   001001 VALUE=12
   001002 VALUE=942
   001015 VALUE=Pecs Pogany                        
   002001 VALUE=1
#  301011 
   004001 VALUE=2010
   004002 VALUE=8
   004003 VALUE=13
#  301012 
   004004 VALUE=0
   004005 VALUE=0
#  301021 
   005001 VALUE=45.99500
   006001 VALUE=18.23500
   007030 VALUE=199.2
   007031 VALUE=201.2
#  302031 
#  302001 
   010004 VALUE=99070.0
   010051 VALUE=101420.0
   010061 VALUE=10.0
   010063 VALUE=7
   010062 MSNG
   007004 MSNG
   010009 MSNG
#  302035 
#  302032 
   007032 VALUE=2.00
   012101 VALUE=293.55
   012103 VALUE=289.15
   013003 VALUE=76
#  302033 
   007032 VALUE=1.75
   020001 VALUE=30000.0
#  302034 
   007032 MSNG
   013023 MSNG
   007032 MSNG
#  302004 
   020010 VALUE=0
   008002 VALUE=62
   020011 VALUE=0
   020013 MSNG
   020012 VALUE=30
   020012 VALUE=20
   020012 VALUE=10
   101000 {R=0} 
   031001 {R=0} VALUE=0
#  302005 {R=0}
#  302036 
   105000 {R=0} 
   031001 {R=0} VALUE=0
#  008002 {R=0}
#  020011 {R=0}
#  020012 {R=0}
#  020014 {R=0}
#  020017 {R=0}
#  302047 
#  102003 {R=0}
   008002 {R=0} MSNG
   020054 {R=0} MSNG
   008002 MSNG
   020054 MSNG
   008002 MSNG
   020054 MSNG
   008002 MSNG
#  302048 
   005021 MSNG
   007021 MSNG
   020012 MSNG
   005021 MSNG
   007021 MSNG
#  302037 
   020062 MSNG
   013013 MSNG
   012113 MSNG
#  302043 
#  302038 
   020003 VALUE=2
   004024 VALUE=-6
   020004 VALUE=0
   020005 VALUE=0
#  101002 {R=0}
#  302039 {R=1}
   004024 {R=0} MSNG
   014031 {R=0} MSNG
#  302039 {R=2}
   004024 {R=0} MSNG
   014031 {R=0} MSNG
#  302040 
   007032 VALUE=1.00
#  102002 {R=0}
   004024 {R=0} VALUE=-6
   013011 {R=0} VALUE=0.0
   004024 MSNG
   013011 MSNG
#  302041 
   007032 MSNG
   004024 MSNG
   004024 MSNG
   012111 MSNG
   004024 MSNG
   004024 MSNG
   012112 MSNG
#  302042 
   007032 VALUE=10.60
   002002 BITS=1000
   008021 VALUE=2
   004025 VALUE=-10
   011001 VALUE=30
   011002 VALUE=0.9
   008021 MSNG
#  103002 {R=0}
   004025 {R=0} MSNG
   011043 {R=0} MSNG
   011041 {R=0} MSNG
   004025 MSNG
   011043 MSNG
   011041 MSNG
   007032 MSNG
#  302044 
   004024 MSNG
   002004 MSNG
   013033 MSNG
#  101002 {R=0}
#  302045 {R=1}
   004024 {R=0} MSNG
   014002 {R=0} MSNG
   014004 {R=0} MSNG
   014016 {R=0} MSNG
   014028 {R=0} MSNG
   014029 {R=0} MSNG
   014030 {R=0} MSNG
#  302045 {R=2}
   004024 {R=0} MSNG
   014002 {R=0} MSNG
   014004 {R=0} MSNG
   014016 {R=0} MSNG
   014028 {R=0} MSNG
   014029 {R=0} MSNG
   014030 {R=0} MSNG
#  302046 
   004024 MSNG
   004024 MSNG
   012049 MSNG
   208000 

## Subset 7 : 154 descriptors
   208035 
#  307080 
#  301090 
#  301004 
   001001 VALUE=12
   001002 VALUE=982
   001015 VALUE=Szeged kulterulet                  
   002001 VALUE=1
#  301011 
   004001 VALUE=2010
   004002 VALUE=8
   004003 VALUE=13
#  301012 
   004004 VALUE=0
   004005 VALUE=0
#  301021 
   005001 VALUE=46.25611
   006001 VALUE=20.09028
   007030 VALUE=80.8
   007031 VALUE=82.8
#  302031 
#  302001 
   010004 VALUE=100450.0
   010051 VALUE=101420.0
   010061 VALUE=-60.0
   010063 VALUE=2
   010062 MSNG
   007004 MSNG
   010009 MSNG
#  302035 
#  302032 
   007032 VALUE=2.00
   012101 VALUE=294.15
   012103 VALUE=293.15
   013003 VALUE=94
#  302033 
   007032 VALUE=1.75
   020001 VALUE=12000.0
#  302034 
   007032 MSNG
   013023 MSNG
   007032 MSNG
#  302004 
   020010 VALUE=100
   008002 VALUE=7
   020011 VALUE=8
   020013 VALUE=900.0
   020012 VALUE=39
   020012 MSNG
   020012 MSNG
#  101000 {R=0}
   031001 {R=0} VALUE=1
#  302005 {R=1}
   008002 {R=0} VALUE=4
   020011 {R=0} VALUE=8
   020012 {R=0} VALUE=9
   020013 {R=0} VALUE=900.0
#  302036 
   105000 {R=0} 
   031001 {R=0} VALUE=0
#  008002 {R=0}
#  020011 {R=0}
#  020012 {R=0}
#  020014 {R=0}
#  020017 {R=0}
#  302047 
#  102003 {R=0}
   008002 {R=0} MSNG
   020054 {R=0} MSNG
   008002 MSNG
   020054 MSNG
   008002 MSNG
   020054 MSNG
   008002 MSNG
#  302048 
   005021 MSNG
   007021 MSNG
   020012 MSNG
   005021 MSNG
   007021 MSNG
#  302037 
   020062 MSNG
   013013 MSNG
   012113 MSNG
#  302043 
#  302038 
   020003 VALUE=95
   004024 VALUE=-6
   020004 VALUE=9
   020005 VALUE=2
#  101002 {R=0}
#  302039 {R=1}
   004024 {R=0} MSNG
   014031 {R=0} MSNG
#  302039 {R=2}
   004024 {R=0} MSNG
   014031 {R=0} MSNG
#  302040 
   007032 VALUE=1.00
#  102002 {R=0}
   004024 {R=0} VALUE=-6
   013011 {R=0} VALUE=1.6
   004024 MSNG
   013011 MSNG
#  302041 
   007032 MSNG
   004024 MSNG
   004024 MSNG
   012111 MSNG
   004024 MSNG
   004024 MSNG
   012112 MSNG
#  302042 
   007032 VALUE=10.60
   002002 BITS=1000
   008021 VALUE=2
   004025 VALUE=-10
   011001 VALUE=168
   011002 VALUE=3.4
   008021 MSNG
#  103002 {R=0}
   004025 {R=0} MSNG
   011043 {R=0} MSNG
   011041 {R=0} MSNG
   004025 VALUE=-60
   011043 MSNG
   011041 VALUE=8.0
   007032 MSNG
#  302044 
   004024 MSNG
   002004 MSNG
   013033 MSNG
#  101002 {R=0}
#  302045 {R=1}
   004024 {R=0} MSNG
   014002 {R=0} MSNG
   014004 {R=0} MSNG
   014016 {R=0} MSNG
   014028 {R=0} MSNG
   014029 {R=0} MSNG
   014030 {R=0} MSNG
#  302045 {R=2}
   004024 {R=0} MSNG
   014002 {R=0} MSNG
   014004 {R=0} MSNG
   014016 {R=0} MSNG
   014028 {R=0} MSNG
   014029 {R=0} MSNG
   014030 {R=0} MSNG
#  302046 
   004024 MSNG
   004024 MSNG
   012049 MSNG
   208000 

